Archive member included to satisfy reference by file (symbol)

.build/obj_keyball_keyball39_via/spi_master.a(spi_master.o)
                              .build/obj_keyball_keyball39_via/drivers/pmw3360/pmw3360.o (symbol from plugin) (spi_init)
.build/obj_keyball_keyball39_via/i2c_master.a(i2c_master.o)
                              .build/obj_keyball_keyball39_via/ssd1306_sh1106.o (symbol from plugin) (i2c_init)
.build/obj_keyball_keyball39_via/serial.a(serial.o)
                              .build/obj_keyball_keyball39_via/quantum/split_common/transport.o (symbol from plugin) (soft_serial_initiator_init)
/usr/lib/gcc/avr/5.4.0/avr5/libgcc.a(_udivmodhi4.o)
                              .build/obj_keyball_keyball39_via/i2c_master.a(i2c_master.o) (__udivmodhi4)
/usr/lib/gcc/avr/5.4.0/avr5/libgcc.a(_exit.o)
                              /usr/lib/gcc/avr/5.4.0/../../../avr/lib/avr5/crtatmega32u4.o (exit)
/usr/lib/gcc/avr/5.4.0/avr5/libgcc.a(_copy_data.o)
                              .build/obj_keyball_keyball39_via/spi_master.a(spi_master.o) (__do_copy_data)
/usr/lib/gcc/avr/5.4.0/avr5/libgcc.a(_clear_bss.o)
                              .build/obj_keyball_keyball39_via/spi_master.a(spi_master.o) (__do_clear_bss)
/usr/lib/gcc/avr/5.4.0/../../../avr/lib/avr5/libc.a(memcpy_P.o)
                              .build/obj_keyball_keyball39_via/ssd1306_sh1106.o (symbol from plugin) (memcpy_P)
/usr/lib/gcc/avr/5.4.0/../../../avr/lib/avr5/libatmega32u4.a(eerd_byte.o)
                              .build/obj_keyball_keyball39_via/quantum/eeconfig.o (symbol from plugin) (eeprom_read_byte)
/usr/lib/gcc/avr/5.4.0/../../../avr/lib/avr5/libatmega32u4.a(eerd_dword.o)
                              .build/obj_keyball_keyball39_via/quantum/eeconfig.o (symbol from plugin) (eeprom_read_dword)
/usr/lib/gcc/avr/5.4.0/../../../avr/lib/avr5/libatmega32u4.a(eerd_word.o)
                              .build/obj_keyball_keyball39_via/quantum/eeconfig.o (symbol from plugin) (eeprom_read_word)
/usr/lib/gcc/avr/5.4.0/../../../avr/lib/avr5/libatmega32u4.a(eeupd_byte.o)
                              .build/obj_keyball_keyball39_via/quantum/eeconfig.o (symbol from plugin) (eeprom_update_byte)
/usr/lib/gcc/avr/5.4.0/../../../avr/lib/avr5/libatmega32u4.a(eeupd_dword.o)
                              .build/obj_keyball_keyball39_via/quantum/eeconfig.o (symbol from plugin) (eeprom_update_dword)
/usr/lib/gcc/avr/5.4.0/../../../avr/lib/avr5/libatmega32u4.a(eeupd_word.o)
                              .build/obj_keyball_keyball39_via/quantum/eeconfig.o (symbol from plugin) (eeprom_update_word)
/usr/lib/gcc/avr/5.4.0/../../../avr/lib/avr5/libatmega32u4.a(eerd_block.o)
                              /usr/lib/gcc/avr/5.4.0/../../../avr/lib/avr5/libatmega32u4.a(eerd_dword.o) (eeprom_read_blraw)
/usr/lib/gcc/avr/5.4.0/avr5/libgcc.a(_udivmodqi4.o)
                              /tmp/ccrHgbVy.ltrans5.ltrans.o (__udivmodqi4)
/usr/lib/gcc/avr/5.4.0/avr5/libgcc.a(_divmodqi4.o)
                              /tmp/ccrHgbVy.ltrans6.ltrans.o (__divmodqi4)
/usr/lib/gcc/avr/5.4.0/avr5/libgcc.a(_divmodhi4.o)
                              /tmp/ccrHgbVy.ltrans5.ltrans.o (__divmodhi4)
/usr/lib/gcc/avr/5.4.0/avr5/libgcc.a(_tablejump2.o)
                              /tmp/ccrHgbVy.ltrans0.ltrans.o (__tablejump2__)
/usr/lib/gcc/avr/5.4.0/avr5/libgcc.a(_bswapsi2.o)
                              /tmp/ccrHgbVy.ltrans0.ltrans.o (__bswapsi2)
/usr/lib/gcc/avr/5.4.0/../../../avr/lib/avr5/libc.a(memchr.o)
                              /tmp/ccrHgbVy.ltrans5.ltrans.o (memchr)
/usr/lib/gcc/avr/5.4.0/../../../avr/lib/avr5/libc.a(memcmp.o)
                              /tmp/ccrHgbVy.ltrans2.ltrans.o (memcmp)
/usr/lib/gcc/avr/5.4.0/../../../avr/lib/avr5/libc.a(memcpy.o)
                              /tmp/ccrHgbVy.ltrans3.ltrans.o (memcpy)

Allocating common symbols
Common symbol       size              file

USB_IsInitialized   0x1               .build/obj_keyball_keyball39_via/lib/lufa/LUFA/Drivers/USB/Core/USBTask.o (symbol from plugin)
USB_Device_ConfigurationNumber
                    0x1               .build/obj_keyball_keyball39_via/lib/lufa/LUFA/Drivers/USB/Core/DeviceStandardReq.o (symbol from plugin)
oled_update_timeout
                    0x2               .build/obj_keyball_keyball39_via/ssd1306_sh1106.o (symbol from plugin)
USB_Device_CurrentlySelfPowered
                    0x1               .build/obj_keyball_keyball39_via/lib/lufa/LUFA/Drivers/USB/Core/DeviceStandardReq.o (symbol from plugin)
tp_buttons          0x2               .build/obj_keyball_keyball39_via/quantum/action.o (symbol from plugin)
dummy               0x1               .build/obj_keyball_keyball39_via/quantum/split_common/transactions.o (symbol from plugin)

Discarded input sections

 .data          0x0000000000000000        0x0 /usr/lib/gcc/avr/5.4.0/../../../avr/lib/avr5/crtatmega32u4.o
 .bss           0x0000000000000000        0x0 /usr/lib/gcc/avr/5.4.0/../../../avr/lib/avr5/crtatmega32u4.o
[...]
Memory Configuration

Name             Origin             Length             Attributes
text             0x0000000000000000 0x0000000000008000 xr
data             0x0000000000800100 0x0000000000000a00 rw !x
eeprom           0x0000000000810000 0x0000000000000400 rw !x
fuse             0x0000000000820000 0x0000000000000003 rw !x
lock             0x0000000000830000 0x0000000000000400 rw !x
signature        0x0000000000840000 0x0000000000000400 rw !x
user_signatures  0x0000000000850000 0x0000000000000400 rw !x
*default*        0x0000000000000000 0xffffffffffffffff

Linker script and memory map

Address of section .data set to 0x800100
LOAD /usr/lib/gcc/avr/5.4.0/../../../avr/lib/avr5/crtatmega32u4.o
LOAD .build/obj_keyball_keyball39_via/drivers/pmw3360/pmw3360.o
LOAD /tmp/ccrHgbVy.ltrans0.ltrans.o
LOAD /tmp/ccrHgbVy.ltrans1.ltrans.o
LOAD /tmp/ccrHgbVy.ltrans2.ltrans.o
LOAD /tmp/ccrHgbVy.ltrans3.ltrans.o
LOAD /tmp/ccrHgbVy.ltrans4.ltrans.o
LOAD /tmp/ccrHgbVy.ltrans5.ltrans.o
LOAD /tmp/ccrHgbVy.ltrans6.ltrans.o
LOAD /tmp/ccrHgbVy.ltrans7.ltrans.o
LOAD /tmp/ccrHgbVy.ltrans8.ltrans.o
LOAD .build/obj_keyball_keyball39_via/lib/oledkit/oledkit.o
LOAD .build/obj_keyball_keyball39_via/lib/keyball/keyball.o
LOAD .build/obj_keyball_keyball39_via/keyboards/keyball/keyball39/keyball39.o
LOAD .build/obj_keyball_keyball39_via/keyboards/keyball/keyball39/keymaps/via/keymap.o
LOAD .build/obj_keyball_keyball39_via/quantum/quantum.o
LOAD .build/obj_keyball_keyball39_via/quantum/send_string.o
LOAD .build/obj_keyball_keyball39_via/quantum/bitwise.o
LOAD .build/obj_keyball_keyball39_via/quantum/led.o
LOAD .build/obj_keyball_keyball39_via/quantum/action.o
LOAD .build/obj_keyball_keyball39_via/quantum/action_layer.o
LOAD .build/obj_keyball_keyball39_via/quantum/action_macro.o
LOAD .build/obj_keyball_keyball39_via/quantum/action_tapping.o
LOAD .build/obj_keyball_keyball39_via/quantum/action_util.o
LOAD .build/obj_keyball_keyball39_via/quantum/eeconfig.o
LOAD .build/obj_keyball_keyball39_via/quantum/keyboard.o
LOAD .build/obj_keyball_keyball39_via/quantum/keymap_common.o
LOAD .build/obj_keyball_keyball39_via/quantum/keycode_config.o
LOAD .build/obj_keyball_keyball39_via/quantum/sync_timer.o
LOAD .build/obj_keyball_keyball39_via/quantum/logging/debug.o
LOAD .build/obj_keyball_keyball39_via/quantum/logging/sendchar.o
LOAD .build/obj_keyball_keyball39_via/quantum/bootmagic/bootmagic_lite.o
LOAD .build/obj_keyball_keyball39_via/quantum/bootmagic/magic.o
LOAD .build/obj_keyball_keyball39_via/quantum/matrix_common.o
LOAD .build/obj_keyball_keyball39_via/quantum/matrix.o
LOAD .build/obj_keyball_keyball39_via/quantum/debounce/sym_defer_g.o
LOAD .build/obj_keyball_keyball39_via/quantum/split_common/split_util.o
LOAD .build/obj_keyball_keyball39_via/quantum/split_common/transport.o
LOAD .build/obj_keyball_keyball39_via/quantum/split_common/transactions.o
LOAD .build/obj_keyball_keyball39_via/quantum/main.o
LOAD .build/obj_keyball_keyball39_via/quantum/pointing_device.o
LOAD .build/obj_keyball_keyball39_via/quantum/pointing_device_drivers.o
LOAD .build/obj_keyball_keyball39_via/quantum/color.o
LOAD .build/obj_keyball_keyball39_via/quantum/rgblight/rgblight.o
LOAD .build/obj_keyball_keyball39_via/quantum/process_keycode/process_rgb.o
LOAD .build/obj_keyball_keyball39_via/ws2812.o
LOAD .build/obj_keyball_keyball39_via/quantum/led_tables.o
LOAD .build/obj_keyball_keyball39_via/quantum/via.o
LOAD .build/obj_keyball_keyball39_via/crc.o
LOAD .build/obj_keyball_keyball39_via/ssd1306_sh1106.o
LOAD .build/obj_keyball_keyball39_via/quantum/dynamic_keymap.o
LOAD .build/obj_keyball_keyball39_via/quantum/process_keycode/process_grave_esc.o
LOAD .build/obj_keyball_keyball39_via/spi_master.a
LOAD .build/obj_keyball_keyball39_via/i2c_master.a
LOAD .build/obj_keyball_keyball39_via/i2c_slave.a
LOAD .build/obj_keyball_keyball39_via/serial.a
LOAD .build/obj_keyball_keyball39_via/platforms/avr/xprintf.o
LOAD .build/obj_keyball_keyball39_via/platforms/avr/printf.o
LOAD .build/obj_keyball_keyball39_via/protocol/host.o
LOAD .build/obj_keyball_keyball39_via/protocol/report.o
LOAD .build/obj_keyball_keyball39_via/protocol/usb_device_state.o
LOAD .build/obj_keyball_keyball39_via/protocol/usb_util.o
LOAD .build/obj_keyball_keyball39_via/platforms/avr/platform.o
LOAD .build/obj_keyball_keyball39_via/platforms/avr/suspend.o
LOAD .build/obj_keyball_keyball39_via/platforms/avr/timer.o
LOAD .build/obj_keyball_keyball39_via/platforms/avr/bootloader.o
LOAD .build/obj_keyball_keyball39_via/lufa.o
LOAD .build/obj_keyball_keyball39_via/usb_descriptor.o
LOAD .build/obj_keyball_keyball39_via/lib/lufa/LUFA/Drivers/USB/Class/Common/HIDParser.o
LOAD .build/obj_keyball_keyball39_via/lib/lufa/LUFA/Drivers/USB/Core/AVR8/Device_AVR8.o
LOAD .build/obj_keyball_keyball39_via/lib/lufa/LUFA/Drivers/USB/Core/AVR8/EndpointStream_AVR8.o
LOAD .build/obj_keyball_keyball39_via/lib/lufa/LUFA/Drivers/USB/Core/AVR8/Endpoint_AVR8.o
LOAD .build/obj_keyball_keyball39_via/lib/lufa/LUFA/Drivers/USB/Core/AVR8/Host_AVR8.o
LOAD .build/obj_keyball_keyball39_via/lib/lufa/LUFA/Drivers/USB/Core/AVR8/PipeStream_AVR8.o
LOAD .build/obj_keyball_keyball39_via/lib/lufa/LUFA/Drivers/USB/Core/AVR8/Pipe_AVR8.o
LOAD .build/obj_keyball_keyball39_via/lib/lufa/LUFA/Drivers/USB/Core/AVR8/USBController_AVR8.o
LOAD .build/obj_keyball_keyball39_via/lib/lufa/LUFA/Drivers/USB/Core/AVR8/USBInterrupt_AVR8.o
LOAD .build/obj_keyball_keyball39_via/lib/lufa/LUFA/Drivers/USB/Core/ConfigDescriptors.o
LOAD .build/obj_keyball_keyball39_via/lib/lufa/LUFA/Drivers/USB/Core/DeviceStandardReq.o
LOAD .build/obj_keyball_keyball39_via/lib/lufa/LUFA/Drivers/USB/Core/Events.o
LOAD .build/obj_keyball_keyball39_via/lib/lufa/LUFA/Drivers/USB/Core/HostStandardReq.o
LOAD .build/obj_keyball_keyball39_via/lib/lufa/LUFA/Drivers/USB/Core/USBTask.o
LOAD .build/obj_keyball_keyball39_via/protocol/lufa/usb_util.o
LOAD /usr/lib/gcc/avr/5.4.0/../../../avr/lib/avr5/libm.a
START GROUP
LOAD /usr/lib/gcc/avr/5.4.0/avr5/libgcc.a
LOAD /usr/lib/gcc/avr/5.4.0/../../../avr/lib/avr5/libm.a
LOAD /usr/lib/gcc/avr/5.4.0/../../../avr/lib/avr5/libc.a
LOAD /usr/lib/gcc/avr/5.4.0/../../../avr/lib/avr5/libatmega32u4.a
END GROUP
                0x0000000000000000                __TEXT_REGION_ORIGIN__ = DEFINED (__TEXT_REGION_ORIGIN__)?__TEXT_REGION_ORIGIN__:0x0
                [0x0000000000800100]                __DATA_REGION_ORIGIN__ = DEFINED (__DATA_REGION_ORIGIN__)?__DATA_REGION_ORIGIN__:0x800060
                [0x0000000000008000]                __TEXT_REGION_LENGTH__ = DEFINED (__TEXT_REGION_LENGTH__)?__TEXT_REGION_LENGTH__:0x20000
                [0x0000000000000a00]                __DATA_REGION_LENGTH__ = DEFINED (__DATA_REGION_LENGTH__)?__DATA_REGION_LENGTH__:0xffa0
                [0x0000000000000400]                __EEPROM_REGION_LENGTH__ = DEFINED (__EEPROM_REGION_LENGTH__)?__EEPROM_REGION_LENGTH__:0x10000
                [0x0000000000000003]                __FUSE_REGION_LENGTH__ = DEFINED (__FUSE_REGION_LENGTH__)?__FUSE_REGION_LENGTH__:0x400
                0x0000000000000400                __LOCK_REGION_LENGTH__ = DEFINED (__LOCK_REGION_LENGTH__)?__LOCK_REGION_LENGTH__:0x400
                0x0000000000000400                __SIGNATURE_REGION_LENGTH__ = DEFINED (__SIGNATURE_REGION_LENGTH__)?__SIGNATURE_REGION_LENGTH__:0x400
                0x0000000000000400                __USER_SIGNATURE_REGION_LENGTH__ = DEFINED (__USER_SIGNATURE_REGION_LENGTH__)?__USER_SIGNATURE_REGION_LENGTH__:0x400

.hash
 *(.hash)

.dynsym
 *(.dynsym)

.dynstr
 *(.dynstr)

.gnu.version
 *(.gnu.version)

.gnu.version_d
 *(.gnu.version_d)

.gnu.version_r
 *(.gnu.version_r)

.rel.init
 *(.rel.init)

.rela.init
 *(.rela.init)

.rel.text
 *(.rel.text)
 *(.rel.text.*)
 *(.rel.gnu.linkonce.t*)

.rela.text
 *(.rela.text)
 *(.rela.text.*)
 *(.rela.gnu.linkonce.t*)

.rel.fini
 *(.rel.fini)

.rela.fini
 *(.rela.fini)

.rel.rodata
 *(.rel.rodata)
 *(.rel.rodata.*)
 *(.rel.gnu.linkonce.r*)

.rela.rodata
 *(.rela.rodata)
 *(.rela.rodata.*)
 *(.rela.gnu.linkonce.r*)

.rel.data
 *(.rel.data)
 *(.rel.data.*)
 *(.rel.gnu.linkonce.d*)

.rela.data
 *(.rela.data)
 *(.rela.data.*)
 *(.rela.gnu.linkonce.d*)

.rel.ctors
 *(.rel.ctors)

.rela.ctors
 *(.rela.ctors)

.rel.dtors
 *(.rel.dtors)

.rela.dtors
 *(.rela.dtors)

.rel.got
 *(.rel.got)

.rela.got
 *(.rela.got)

.rel.bss
 *(.rel.bss)

.rela.bss
 *(.rela.bss)

.rel.plt
 *(.rel.plt)

.rela.plt
 *(.rela.plt)

.text           0x0000000000000000     0x6ae4
 *(.vectors)
 .vectors       0x0000000000000000       0xac /usr/lib/gcc/avr/5.4.0/../../../avr/lib/avr5/crtatmega32u4.o
                0x0000000000000000                __vectors
                0x0000000000000000                __vector_default
 *(.vectors)
 *(.progmem.gcc*)
 .progmem.gcc_sw_table.main
                0x00000000000000ac       0x26 /tmp/ccrHgbVy.ltrans0.ltrans.o
 .progmem.gcc_sw_table.process_record
                0x00000000000000d2       0x2c /tmp/ccrHgbVy.ltrans1.ltrans.o
 .progmem.gcc_sw_table.USB_Device_ProcessControlRequest
                0x00000000000000fe       0x14 /tmp/ccrHgbVy.ltrans2.ltrans.o
 .progmem.gcc_sw_table.is_tap_record
                0x0000000000000112       0x1c /tmp/ccrHgbVy.ltrans4.ltrans.o
                0x000000000000012e                . = ALIGN (0x2)
                0x000000000000012e                __trampolines_start = .
 *(.trampolines)
 .trampolines   0x000000000000012e        0x0 linker stubs
 *(.trampolines*)
                0x000000000000012e                __trampolines_end = .
 *libprintf_flt.a:*(.progmem.data)
 *libc.a:*(.progmem.data)
 *(.progmem*)
 .progmem.data.display_setup2.2180
                0x000000000000012e        0xd /tmp/ccrHgbVy.ltrans0.ltrans.o
 .progmem.data.display_flipped.2179
                0x000000000000013b        0x3 /tmp/ccrHgbVy.ltrans0.ltrans.o
 .progmem.data.display_normal.2178
                0x000000000000013e        0x3 /tmp/ccrHgbVy.ltrans0.ltrans.o
 .progmem.data.display_setup1.2177
                0x0000000000000141        0xd /tmp/ccrHgbVy.ltrans0.ltrans.o
 .progmem.data.RGBLED_KNIGHT_INTERVALS
                0x000000000000014e        0x3 /tmp/ccrHgbVy.ltrans0.ltrans.o
 .progmem.data.RGBLED_RAINBOW_SWIRL_INTERVALS
                0x0000000000000151        0x3 /tmp/ccrHgbVy.ltrans0.ltrans.o
 .progmem.data.RGBLED_RAINBOW_MOOD_INTERVALS
                0x0000000000000154        0x3 /tmp/ccrHgbVy.ltrans0.ltrans.o
 .progmem.data.RGBLED_BREATHING_INTERVALS
                0x0000000000000157        0x4 /tmp/ccrHgbVy.ltrans0.ltrans.o
 .progmem.data.code_to_name
                0x000000000000015b       0x35 /tmp/ccrHgbVy.ltrans0.ltrans.o
 .progmem.data.__c.4823
                0x0000000000000190        0x4 /tmp/ccrHgbVy.ltrans0.ltrans.o
 .progmem.data.__c.4821
                0x0000000000000194        0x3 /tmp/ccrHgbVy.ltrans0.ltrans.o
 .progmem.data.__c.4819
                0x0000000000000197        0x4 /tmp/ccrHgbVy.ltrans0.ltrans.o
 .progmem.data.__c.4817
                0x000000000000019b        0x9 /tmp/ccrHgbVy.ltrans0.ltrans.o
 .progmem.data.__c.4811
                0x00000000000001a4        0x4 /tmp/ccrHgbVy.ltrans0.ltrans.o
 .progmem.data.__c.4809
                0x00000000000001a8        0x6 /tmp/ccrHgbVy.ltrans0.ltrans.o
 .progmem.data.__c.4807
                0x00000000000001ae        0x9 /tmp/ccrHgbVy.ltrans0.ltrans.o
 .progmem.data.__c.4805
                0x00000000000001b7        0x6 /tmp/ccrHgbVy.ltrans0.ltrans.o
 .progmem.data.logo
                0x00000000000001bd       0x40 /tmp/ccrHgbVy.ltrans0.ltrans.o
 .progmem.data.ascii_to_dead_lut
                0x00000000000001fd       0x10 /tmp/ccrHgbVy.ltrans1.ltrans.o
 .progmem.data.ascii_to_altgr_lut
                0x000000000000020d       0x10 /tmp/ccrHgbVy.ltrans1.ltrans.o
 .progmem.data.ascii_to_shift_lut
                0x000000000000021d       0x10 /tmp/ccrHgbVy.ltrans1.ltrans.o
 .progmem.data.ascii_to_keycode_lut
                0x000000000000022d       0x80 /tmp/ccrHgbVy.ltrans1.ltrans.o
 .progmem.data.SharedReport
                0x00000000000002ad       0x49 /tmp/ccrHgbVy.ltrans2.ltrans.o
 .progmem.data.RawReport
                0x00000000000002f6       0x22 /tmp/ccrHgbVy.ltrans2.ltrans.o
 .progmem.data.KeyboardReport
                0x0000000000000318       0x40 /tmp/ccrHgbVy.ltrans2.ltrans.o
 .progmem.data.ConfigurationDescriptor
                0x0000000000000358       0x5b /tmp/ccrHgbVy.ltrans2.ltrans.o
 .progmem.data.DeviceDescriptor
                0x00000000000003b3       0x12 /tmp/ccrHgbVy.ltrans2.ltrans.o
 .progmem.data.ProductString
                0x00000000000003c5       0x16 /tmp/ccrHgbVy.ltrans2.ltrans.o
 .progmem.data.ManufacturerString
                0x00000000000003db       0x12 /tmp/ccrHgbVy.ltrans2.ltrans.o
 .progmem.data.LanguageString
                0x00000000000003ed        0x4 /tmp/ccrHgbVy.ltrans2.ltrans.o
 .progmem.data.font
                0x00000000000003f1      0x540 /tmp/ccrHgbVy.ltrans2.ltrans.o
 .progmem.data.rgblight_effect_breathe_table
                0x0000000000000931      0x100 /tmp/ccrHgbVy.ltrans5.ltrans.o
 .progmem.data.display_on.2349
                0x0000000000000a31        0x2 /tmp/ccrHgbVy.ltrans5.ltrans.o
 .progmem.data.display_off.2353
                0x0000000000000a33        0x2 /tmp/ccrHgbVy.ltrans5.ltrans.o
 .progmem.data.keymaps
                0x0000000000000a35      0x180 /tmp/ccrHgbVy.ltrans5.ltrans.o
 .progmem.data.CIE1931_CURVE
                0x0000000000000bb5      0x100 /tmp/ccrHgbVy.ltrans7.ltrans.o
 .progmem.data.RGBLED_GRADIENT_RANGES
                0x0000000000000cb5        0x5 /tmp/ccrHgbVy.ltrans7.ltrans.o
                0x0000000000000cba                . = ALIGN (0x2)
 *(.jumptables)
 *(.jumptables*)
 *(.lowtext)
 *(.lowtext*)
                0x0000000000000cba                __ctors_start = .
 *(.ctors)
                0x0000000000000cba                __ctors_end = .
                0x0000000000000cba                __dtors_start = .
 *(.dtors)
                0x0000000000000cba                __dtors_end = .
 SORT(*)(.ctors)
 SORT(*)(.dtors)
 *(.init0)
 .init0         0x0000000000000cba        0x0 /usr/lib/gcc/avr/5.4.0/../../../avr/lib/avr5/crtatmega32u4.o
                0x0000000000000cba                __init
 *(.init0)
 *(.init1)
 *(.init1)
 *(.init2)
 .init2         0x0000000000000cba        0xc /usr/lib/gcc/avr/5.4.0/../../../avr/lib/avr5/crtatmega32u4.o
 *(.init2)
 *(.init3)
 .init3         0x0000000000000cc6       0x54 /tmp/ccrHgbVy.ltrans5.ltrans.o
                0x0000000000000cc6                bootloader_jump_after_watchdog_reset
 *(.init3)
 *(.init4)
 .init4         0x0000000000000d1a       0x16 /usr/lib/gcc/avr/5.4.0/avr5/libgcc.a(_copy_data.o)
                0x0000000000000d1a                __do_copy_data
 .init4         0x0000000000000d30       0x10 /usr/lib/gcc/avr/5.4.0/avr5/libgcc.a(_clear_bss.o)
                0x0000000000000d30                __do_clear_bss
 *(.init4)
 *(.init5)
 *(.init5)
 *(.init6)
 *(.init6)
 *(.init7)
 *(.init7)
 *(.init8)
 *(.init8)
 *(.init9)
 .init9         0x0000000000000d40        0x8 /usr/lib/gcc/avr/5.4.0/../../../avr/lib/avr5/crtatmega32u4.o
 *(.init9)
 *(.text)
 .text          0x0000000000000d48        0x4 /usr/lib/gcc/avr/5.4.0/../../../avr/lib/avr5/crtatmega32u4.o
                0x0000000000000d48                __vector_38
                0x0000000000000d48                __vector_22
                0x0000000000000d48                __vector_28
                0x0000000000000d48                __vector_1
                0x0000000000000d48                __vector_32
                0x0000000000000d48                __vector_34
                0x0000000000000d48                __vector_24
                0x0000000000000d48                __bad_interrupt
                0x0000000000000d48                __vector_6
                0x0000000000000d48                __vector_31
                0x0000000000000d48                __vector_35
                0x0000000000000d48                __vector_39
                0x0000000000000d48                __vector_23
                0x0000000000000d48                __vector_30
                0x0000000000000d48                __vector_25
                0x0000000000000d48                __vector_13
                0x0000000000000d48                __vector_17
                0x0000000000000d48                __vector_19
                0x0000000000000d48                __vector_7
                0x0000000000000d48                __vector_41
                0x0000000000000d48                __vector_27
                0x0000000000000d48                __vector_5
                0x0000000000000d48                __vector_33
                0x0000000000000d48                __vector_37
                0x0000000000000d48                __vector_4
                0x0000000000000d48                __vector_9
                0x0000000000000d48                __vector_2
                0x0000000000000d48                __vector_15
                0x0000000000000d48                __vector_36
                0x0000000000000d48                __vector_29
                0x0000000000000d48                __vector_40
                0x0000000000000d48                __vector_8
                0x0000000000000d48                __vector_26
                0x0000000000000d48                __vector_14
                0x0000000000000d48                __vector_16
                0x0000000000000d48                __vector_18
                0x0000000000000d48                __vector_20
                0x0000000000000d48                __vector_42
                0x0000000000000d4c                . = ALIGN (0x2)
 *(.text.*)
 .text.startup.main
                0x0000000000000d4c      0xf6e /tmp/ccrHgbVy.ltrans0.ltrans.o
                0x0000000000000d4c                main
 .text.process_record
                0x0000000000001cba      0xc4a /tmp/ccrHgbVy.ltrans1.ltrans.o
                0x0000000000001cba                process_record
 .text.oled_write_char.constprop.45
                0x0000000000002904      0x100 /tmp/ccrHgbVy.ltrans2.ltrans.o
                0x0000000000002904                oled_write_char.constprop.45
 .text.oled_write_P.constprop.44
                0x0000000000002a04       0x1c /tmp/ccrHgbVy.ltrans2.ltrans.o
                0x0000000000002a04                oled_write_P.constprop.44
 .text.oled_write.constprop.43
                0x0000000000002a20       0x30 /tmp/ccrHgbVy.ltrans2.ltrans.o
                0x0000000000002a20                oled_write.constprop.43
 .text.update_tri_layer.constprop.39
                0x0000000000002a50       0x16 /tmp/ccrHgbVy.ltrans2.ltrans.o
                0x0000000000002a50                update_tri_layer.constprop.39
 .text.crc8.constprop.36
                0x0000000000002a66       0x2e /tmp/ccrHgbVy.ltrans2.ltrans.o
                0x0000000000002a66                crc8.constprop.36
 .text.i2c_transmit_P.constprop.28
                0x0000000000002a94       0x52 /tmp/ccrHgbVy.ltrans2.ltrans.o
                0x0000000000002a94                i2c_transmit_P.constprop.28
 .text.USB_Device_ProcessControlRequest
                0x0000000000002ae6      0x5b0 /tmp/ccrHgbVy.ltrans2.ltrans.o
                0x0000000000002ae6                USB_Device_ProcessControlRequest
 .text.__vector_11
                0x0000000000003096       0x88 /tmp/ccrHgbVy.ltrans2.ltrans.o
                0x0000000000003096                __vector_11
 .text.USB_Disable
                0x000000000000311e       0x3e /tmp/ccrHgbVy.ltrans2.ltrans.o
                0x000000000000311e                USB_Disable
 .text.USB_Init
                0x000000000000315c       0xc2 /tmp/ccrHgbVy.ltrans2.ltrans.o
                0x000000000000315c                USB_Init
 .text.__vector_10
                0x000000000000321e      0x1ae /tmp/ccrHgbVy.ltrans2.ltrans.o
                0x000000000000321e                __vector_10
 .text.Endpoint_WaitUntilReady
                0x00000000000033cc       0x66 /tmp/ccrHgbVy.ltrans2.ltrans.o
                0x00000000000033cc                Endpoint_WaitUntilReady
 .text.Endpoint_Write_Stream_LE.constprop.15
                0x0000000000003432       0x58 /tmp/ccrHgbVy.ltrans2.ltrans.o
                0x0000000000003432                Endpoint_Write_Stream_LE.constprop.15
 .text.slave_rpc_exec_callback
                0x000000000000348a       0x32 /tmp/ccrHgbVy.ltrans3.ltrans.o
                0x000000000000348a                slave_rpc_exec_callback
 .text.slave_rpc_info_callback
                0x00000000000034bc       0x12 /tmp/ccrHgbVy.ltrans3.ltrans.o
                0x00000000000034bc                slave_rpc_info_callback
 .text.sendchar
                0x00000000000034ce        0x4 /tmp/ccrHgbVy.ltrans3.ltrans.o
                0x00000000000034ce                sendchar
 .text.mod_config
                0x00000000000034d2       0x86 /tmp/ccrHgbVy.ltrans3.ltrans.o
 .text.transaction_handler_master.isra.2
                0x0000000000003558       0x82 /tmp/ccrHgbVy.ltrans3.ltrans.o
 .text.transport_execute_transaction
                0x00000000000035da       0xa4 /tmp/ccrHgbVy.ltrans3.ltrans.o
 .text.rgblight_handlers_master
                0x000000000000367e       0xcc /tmp/ccrHgbVy.ltrans3.ltrans.o
 .text.slave_matrix_handlers_master
                0x000000000000374a      0x12a /tmp/ccrHgbVy.ltrans3.ltrans.o
 .text.transaction_rpc_exec
                0x0000000000003874       0xc8 /tmp/ccrHgbVy.ltrans3.ltrans.o
                0x0000000000003874                transaction_rpc_exec
 .text.is_keyboard_master
                0x000000000000393c       0x46 /tmp/ccrHgbVy.ltrans3.ltrans.o
                0x000000000000393c                is_keyboard_master
 .text.sync_timer_read32
                0x0000000000003982       0x36 /tmp/ccrHgbVy.ltrans3.ltrans.o
 .text.sync_timer_handlers_master
                0x00000000000039b8       0xa8 /tmp/ccrHgbVy.ltrans3.ltrans.o
 .text.is_keyboard_left
                0x0000000000003a60       0x2c /tmp/ccrHgbVy.ltrans3.ltrans.o
                0x0000000000003a60                is_keyboard_left
 .text.setPinInputHigh_atomic.lto_priv.65
                0x0000000000003a8c       0x2e /tmp/ccrHgbVy.ltrans3.ltrans.o
                0x0000000000003a8c                setPinInputHigh_atomic.lto_priv.65
 .text.action_for_keycode
                0x0000000000003aba      0x2ee /tmp/ccrHgbVy.ltrans3.ltrans.o
                0x0000000000003aba                action_for_keycode
 .text.eeconfig_is_enabled
                0x0000000000003da8       0x16 /tmp/ccrHgbVy.ltrans3.ltrans.o
                0x0000000000003da8                eeconfig_is_enabled
 .text.sync_timer_read
                0x0000000000003dbe       0x12 /tmp/ccrHgbVy.ltrans3.ltrans.o
                0x0000000000003dbe                sync_timer_read
 .text.matrix_scan
                0x0000000000003dd0      0x394 /tmp/ccrHgbVy.ltrans3.ltrans.o
                0x0000000000003dd0                matrix_scan
 .text.eeconfig_init_quantum
                0x0000000000004164       0xd4 /tmp/ccrHgbVy.ltrans4.ltrans.o
                0x0000000000004164                eeconfig_init_quantum
 .text.clear_oneshot_mods
                0x0000000000004238        0xc /tmp/ccrHgbVy.ltrans4.ltrans.o
                0x0000000000004238                clear_oneshot_mods
 .text.del_mods
                0x0000000000004244        0xe /tmp/ccrHgbVy.ltrans4.ltrans.o
                0x0000000000004244                del_mods
 .text.send_keyboard_report
                0x0000000000004252       0x5a /tmp/ccrHgbVy.ltrans4.ltrans.o
                0x0000000000004252                send_keyboard_report
 .text.debug_waiting_buffer.lto_priv.81
                0x00000000000042ac       0x14 /tmp/ccrHgbVy.ltrans4.ltrans.o
                0x00000000000042ac                debug_waiting_buffer.lto_priv.81
 .text.waiting_buffer_scan_tap
                0x00000000000042c0       0xd8 /tmp/ccrHgbVy.ltrans4.ltrans.o
 .text.layer_switch_get_layer
                0x0000000000004398       0x5e /tmp/ccrHgbVy.ltrans4.ltrans.o
                0x0000000000004398                layer_switch_get_layer
 .text.layer_switch_get_action
                0x00000000000043f6       0x1a /tmp/ccrHgbVy.ltrans4.ltrans.o
                0x00000000000043f6                layer_switch_get_action
 .text.is_tap_record
                0x0000000000004410       0x58 /tmp/ccrHgbVy.ltrans4.ltrans.o
 .text.process_tapping.lto_priv.80
                0x0000000000004468      0x342 /tmp/ccrHgbVy.ltrans4.ltrans.o
                0x0000000000004468                process_tapping.lto_priv.80
 .text.read_source_layers_cache
                0x00000000000047aa       0x5a /tmp/ccrHgbVy.ltrans4.ltrans.o
                0x00000000000047aa                read_source_layers_cache
 .text.update_source_layers_cache
                0x0000000000004804       0x58 /tmp/ccrHgbVy.ltrans4.ltrans.o
                0x0000000000004804                update_source_layers_cache
 .text.layer_state_set
                0x000000000000485c       0x28 /tmp/ccrHgbVy.ltrans4.ltrans.o
                0x000000000000485c                layer_state_set
 .text.layer_off
                0x0000000000004884       0x18 /tmp/ccrHgbVy.ltrans4.ltrans.o
                0x0000000000004884                layer_off
 .text.clear_oneshot_layer_state
                0x000000000000489c       0x3a /tmp/ccrHgbVy.ltrans4.ltrans.o
                0x000000000000489c                clear_oneshot_layer_state
 .text.oneshot_set
                0x00000000000048d6       0x3a /tmp/ccrHgbVy.ltrans4.ltrans.o
                0x00000000000048d6                oneshot_set
 .text.layer_on
                0x0000000000004910       0x16 /tmp/ccrHgbVy.ltrans4.ltrans.o
                0x0000000000004910                layer_on
 .text.default_layer_state_set.lto_priv.64
                0x0000000000004926       0x10 /tmp/ccrHgbVy.ltrans4.ltrans.o
                0x0000000000004926                default_layer_state_set.lto_priv.64
 .text.clear_keyboard_but_mods
                0x0000000000004936       0x1a /tmp/ccrHgbVy.ltrans4.ltrans.o
                0x0000000000004936                clear_keyboard_but_mods
 .text.unregister_mods
                0x0000000000004950        0xe /tmp/ccrHgbVy.ltrans4.ltrans.o
                0x0000000000004950                unregister_mods
 .text.register_mods
                0x000000000000495e       0x14 /tmp/ccrHgbVy.ltrans4.ltrans.o
                0x000000000000495e                register_mods
 .text.tap_code_delay
                0x0000000000004972       0x2e /tmp/ccrHgbVy.ltrans4.ltrans.o
                0x0000000000004972                tap_code_delay
 .text.send_programmable_button.lto_priv.61
                0x00000000000049a0        0x2 /tmp/ccrHgbVy.ltrans5.ltrans.o
                0x00000000000049a0                send_programmable_button.lto_priv.61
 .text.send_system.lto_priv.59
                0x00000000000049a2        0x2 /tmp/ccrHgbVy.ltrans5.ltrans.o
                0x00000000000049a2                send_system.lto_priv.59
 .text.send_consumer
                0x00000000000049a4        0x2 /tmp/ccrHgbVy.ltrans5.ltrans.o
                0x00000000000049a4                send_consumer.lto_priv.60
 .text.keyboard_leds.lto_priv.56
                0x00000000000049a6        0x6 /tmp/ccrHgbVy.ltrans5.ltrans.o
                0x00000000000049a6                keyboard_leds.lto_priv.56
 .text.rgblight_effect_dummy.lto_priv.50
                0x00000000000049ac        0x2 /tmp/ccrHgbVy.ltrans5.ltrans.o
                0x00000000000049ac                rgblight_effect_dummy.lto_priv.50
 .text.send_mouse.lto_priv.58
                0x00000000000049ae       0x3e /tmp/ccrHgbVy.ltrans5.ltrans.o
                0x00000000000049ae                send_mouse.lto_priv.58
 .text.send_keyboard.lto_priv.57
                0x00000000000049ec       0x58 /tmp/ccrHgbVy.ltrans5.ltrans.o
                0x00000000000049ec                send_keyboard.lto_priv.57
 .text.rgblight_effect_knight
                0x0000000000004a44      0x112 /tmp/ccrHgbVy.ltrans5.ltrans.o
                0x0000000000004a44                rgblight_effect_knight
 .text.rgblight_effect_rainbow_swirl
                0x0000000000004b56       0x7c /tmp/ccrHgbVy.ltrans5.ltrans.o
                0x0000000000004b56                rgblight_effect_rainbow_swirl
 .text.rgblight_effect_rainbow_mood
                0x0000000000004bd2       0x20 /tmp/ccrHgbVy.ltrans5.ltrans.o
                0x0000000000004bd2                rgblight_effect_rainbow_mood
 .text.rgblight_effect_breathing
                0x0000000000004bf2       0x28 /tmp/ccrHgbVy.ltrans5.ltrans.o
                0x0000000000004bf2                rgblight_effect_breathing
 .text.Endpoint_ClearStatusStage
                0x0000000000004c1a       0x3e /tmp/ccrHgbVy.ltrans5.ltrans.o
                0x0000000000004c1a                Endpoint_ClearStatusStage
 .text.Endpoint_ConfigureEndpoint_Prv
                0x0000000000004c58       0x6a /tmp/ccrHgbVy.ltrans5.ltrans.o
                0x0000000000004c58                Endpoint_ConfigureEndpoint_Prv
 .text.Endpoint_Write_Control_Stream_LE
                0x0000000000004cc2       0xbc /tmp/ccrHgbVy.ltrans5.ltrans.o
                0x0000000000004cc2                Endpoint_Write_Control_Stream_LE
 .text.bootloader_jump
                0x0000000000004d7e       0x22 /tmp/ccrHgbVy.ltrans5.ltrans.o
                0x0000000000004d7e                bootloader_jump
 .text.__vector_21
                0x0000000000004da0       0x4c /tmp/ccrHgbVy.ltrans5.ltrans.o
                0x0000000000004da0                __vector_21
 .text.timer_elapsed
                0x0000000000004dec       0x1e /tmp/ccrHgbVy.ltrans5.ltrans.o
                0x0000000000004dec                timer_elapsed
 .text.timer_read32
                0x0000000000004e0a       0x18 /tmp/ccrHgbVy.ltrans5.ltrans.o
                0x0000000000004e0a                timer_read32
 .text.timer_read
                0x0000000000004e22       0x18 /tmp/ccrHgbVy.ltrans5.ltrans.o
                0x0000000000004e22                timer_read
 .text.__vector_12
                0x0000000000004e3a       0x52 /tmp/ccrHgbVy.ltrans5.ltrans.o
                0x0000000000004e3a                __vector_12
 .text.add_key_byte
                0x0000000000004e8c       0x34 /tmp/ccrHgbVy.ltrans5.ltrans.o
                0x0000000000004e8c                add_key_byte
 .text.host_keyboard_leds
                0x0000000000004ec0       0x20 /tmp/ccrHgbVy.ltrans5.ltrans.o
                0x0000000000004ec0                host_keyboard_leds
 .text.dynamic_keymap_macro_reset
                0x0000000000004ee0       0x20 /tmp/ccrHgbVy.ltrans5.ltrans.o
                0x0000000000004ee0                dynamic_keymap_macro_reset
 .text.dynamic_keymap_reset
                0x0000000000004f00       0x68 /tmp/ccrHgbVy.ltrans5.ltrans.o
                0x0000000000004f00                dynamic_keymap_reset
 .text.dynamic_keymap_get_keycode
                0x0000000000004f68       0x4c /tmp/ccrHgbVy.ltrans5.ltrans.o
                0x0000000000004f68                dynamic_keymap_get_keycode
 .text.keymap_key_to_keycode
                0x0000000000004fb4       0x1a /tmp/ccrHgbVy.ltrans5.ltrans.o
                0x0000000000004fb4                keymap_key_to_keycode
 .text.oled_off
                0x0000000000004fce       0x34 /tmp/ccrHgbVy.ltrans5.ltrans.o
                0x0000000000004fce                oled_off
 .text.oled_on  0x0000000000005002       0x4c /tmp/ccrHgbVy.ltrans5.ltrans.o
                0x0000000000005002                oled_on
 .text.oled_advance_page
                0x000000000000504e       0x60 /tmp/ccrHgbVy.ltrans5.ltrans.o
                0x000000000000504e                oled_advance_page
 .text.via_set_layout_options
                0x00000000000050ae        0x8 /tmp/ccrHgbVy.ltrans5.ltrans.o
                0x00000000000050ae                via_set_layout_options
 .text.via_eeprom_set_valid
                0x00000000000050b6       0x3c /tmp/ccrHgbVy.ltrans5.ltrans.o
                0x00000000000050b6                via_eeprom_set_valid
 .text.eeconfig_init_via
                0x00000000000050f2       0x1e /tmp/ccrHgbVy.ltrans5.ltrans.o
                0x00000000000050f2                eeconfig_init_via
 .text.via_eeprom_is_valid
                0x0000000000005110       0x32 /tmp/ccrHgbVy.ltrans5.ltrans.o
                0x0000000000005110                via_eeprom_is_valid
 .text.handleKeycodeRGBMode.lto_priv.73
                0x0000000000005142       0x24 /tmp/ccrHgbVy.ltrans5.ltrans.o
                0x0000000000005142                handleKeycodeRGBMode.lto_priv.73
 .text.handleKeycodeRGB.lto_priv.74
                0x0000000000005166        0xc /tmp/ccrHgbVy.ltrans5.ltrans.o
                0x0000000000005166                handleKeycodeRGB.lto_priv.74
 .text.rgblight_timer_init
                0x0000000000005172        0xe /tmp/ccrHgbVy.ltrans5.ltrans.o
                0x0000000000005172                rgblight_timer_init
                0x0000000000005172                rgblight_timer_disable
 .text.rgblight_timer_enable
                0x0000000000005180       0x36 /tmp/ccrHgbVy.ltrans5.ltrans.o
                0x0000000000005180                rgblight_timer_enable
 .text.rpc_get_motion_handler.lto_priv.54
                0x00000000000051b6       0x28 /tmp/ccrHgbVy.ltrans6.ltrans.o
                0x00000000000051b6                rpc_get_motion_handler.lto_priv.54
 .text.motion_to_mouse_move
                0x00000000000051de       0x60 /tmp/ccrHgbVy.ltrans6.ltrans.o
 .text.motion_to_mouse_scroll
                0x000000000000523e      0x11e /tmp/ccrHgbVy.ltrans6.ltrans.o
 .text.pmw3360_spi_start
                0x000000000000535c        0xe /tmp/ccrHgbVy.ltrans6.ltrans.o
 .text.pmw3360_reg_write
                0x000000000000536a       0x30 /tmp/ccrHgbVy.ltrans6.ltrans.o
 .text.pmw3360_reg_read
                0x000000000000539a       0x34 /tmp/ccrHgbVy.ltrans6.ltrans.o
 .text.pointing_device_driver_init
                0x00000000000053ce       0x92 /tmp/ccrHgbVy.ltrans6.ltrans.o
                0x00000000000053ce                pointing_device_driver_init
 .text.action_exec
                0x0000000000005460      0x154 /tmp/ccrHgbVy.ltrans6.ltrans.o
                0x0000000000005460                action_exec
 .text.biton    0x00000000000055b4       0x28 /tmp/ccrHgbVy.ltrans6.ltrans.o
                0x00000000000055b4                biton
 .text.keyball_on_adjust_layout
                0x00000000000055dc       0x56 /tmp/ccrHgbVy.ltrans6.ltrans.o
                0x00000000000055dc                keyball_on_adjust_layout
 .text.rpc_get_info_handler.lto_priv.53
                0x0000000000005632        0xe /tmp/ccrHgbVy.ltrans6.ltrans.o
                0x0000000000005632                rpc_get_info_handler.lto_priv.53
 .text.keyball_set_cpi
                0x0000000000005640       0x34 /tmp/ccrHgbVy.ltrans6.ltrans.o
                0x0000000000005640                keyball_set_cpi
 .text.rpc_set_cpi_handler.lto_priv.55
                0x0000000000005674        0x8 /tmp/ccrHgbVy.ltrans6.ltrans.o
                0x0000000000005674                rpc_set_cpi_handler.lto_priv.55
 .text.keyball_set_scroll_mode
                0x000000000000567c       0x28 /tmp/ccrHgbVy.ltrans6.ltrans.o
                0x000000000000567c                keyball_set_scroll_mode
 .text.add_cpi.lto_priv.75
                0x00000000000056a4       0x22 /tmp/ccrHgbVy.ltrans6.ltrans.o
                0x00000000000056a4                add_cpi.lto_priv.75
 .text.format_4d.lto_priv.63
                0x00000000000056c6       0x5a /tmp/ccrHgbVy.ltrans6.ltrans.o
                0x00000000000056c6                format_4d.lto_priv.63
 .text.add16.lto_priv.62
                0x0000000000005720       0x28 /tmp/ccrHgbVy.ltrans6.ltrans.o
                0x0000000000005720                add16.lto_priv.62
 .text.pointing_device_driver_get_report
                0x0000000000005748      0x1f0 /tmp/ccrHgbVy.ltrans6.ltrans.o
                0x0000000000005748                pointing_device_driver_get_report
 .text.rgblight_set
                0x0000000000005938       0x98 /tmp/ccrHgbVy.ltrans7.ltrans.o
                0x0000000000005938                rgblight_set
 .text.rgblight_setrgb
                0x00000000000059d0       0x36 /tmp/ccrHgbVy.ltrans7.ltrans.o
 .text.rgblight_check_config
                0x0000000000005a06       0x34 /tmp/ccrHgbVy.ltrans7.ltrans.o
                0x0000000000005a06                rgblight_check_config
 .text.eeconfig_update_rgblight
                0x0000000000005a3a       0x24 /tmp/ccrHgbVy.ltrans7.ltrans.o
                0x0000000000005a3a                eeconfig_update_rgblight
 .text.rgblight_decrease_speed
                0x0000000000005a5e       0x22 /tmp/ccrHgbVy.ltrans7.ltrans.o
                0x0000000000005a5e                rgblight_decrease_speed
 .text.rgblight_increase_speed
                0x0000000000005a80       0x22 /tmp/ccrHgbVy.ltrans7.ltrans.o
                0x0000000000005a80                rgblight_increase_speed
 .text.eeconfig_update_rgblight_default
                0x0000000000005aa2       0x30 /tmp/ccrHgbVy.ltrans7.ltrans.o
                0x0000000000005aa2                eeconfig_update_rgblight_default
 .text.sethsv_raw
                0x0000000000005ad2      0x12c /tmp/ccrHgbVy.ltrans7.ltrans.o
                0x0000000000005ad2                sethsv_raw
 .text.rgblight_sethsv_noeeprom_old
                0x0000000000005bfe       0x3a /tmp/ccrHgbVy.ltrans7.ltrans.o
                0x0000000000005bfe                rgblight_sethsv_noeeprom_old
 .text.rgblight_sethsv_eeprom_helper
                0x0000000000005c38      0x152 /tmp/ccrHgbVy.ltrans7.ltrans.o
                0x0000000000005c38                rgblight_sethsv_eeprom_helper
 .text.rgblight_decrease_val
                0x0000000000005d8a       0x18 /tmp/ccrHgbVy.ltrans7.ltrans.o
                0x0000000000005d8a                rgblight_decrease_val
 .text.rgblight_increase_val
                0x0000000000005da2       0x18 /tmp/ccrHgbVy.ltrans7.ltrans.o
                0x0000000000005da2                rgblight_increase_val
 .text.rgblight_decrease_sat
                0x0000000000005dba       0x18 /tmp/ccrHgbVy.ltrans7.ltrans.o
                0x0000000000005dba                rgblight_decrease_sat
 .text.rgblight_increase_sat
                0x0000000000005dd2       0x18 /tmp/ccrHgbVy.ltrans7.ltrans.o
                0x0000000000005dd2                rgblight_increase_sat
 .text.rgblight_decrease_hue
                0x0000000000005dea       0x12 /tmp/ccrHgbVy.ltrans7.ltrans.o
                0x0000000000005dea                rgblight_decrease_hue
 .text.rgblight_increase_hue
                0x0000000000005dfc       0x12 /tmp/ccrHgbVy.ltrans7.ltrans.o
                0x0000000000005dfc                rgblight_increase_hue
 .text.pointing_device_task
                0x0000000000005e0e      0x140 /tmp/ccrHgbVy.ltrans7.ltrans.o
                0x0000000000005e0e                pointing_device_task
 .text.rgblight_disable_noeeprom
                0x0000000000005f4e       0x2e /tmp/ccrHgbVy.ltrans7.ltrans.o
                0x0000000000005f4e                rgblight_disable_noeeprom
 .text.rgblight_mode_eeprom_helper
                0x0000000000005f7c       0x80 /tmp/ccrHgbVy.ltrans7.ltrans.o
                0x0000000000005f7c                rgblight_mode_eeprom_helper
 .text.rgblight_step_reverse
                0x0000000000005ffc       0x12 /tmp/ccrHgbVy.ltrans7.ltrans.o
                0x0000000000005ffc                rgblight_step_reverse
 .text.rgblight_step
                0x000000000000600e       0x14 /tmp/ccrHgbVy.ltrans7.ltrans.o
                0x000000000000600e                rgblight_step
 .text.unregister_code
                0x0000000000006022       0xa8 /tmp/ccrHgbVy.ltrans8.ltrans.o
                0x0000000000006022                unregister_code
 .text.register_code
                0x00000000000060ca       0x7c /tmp/ccrHgbVy.ltrans8.ltrans.o
                0x00000000000060ca                register_code
 .text.spi_init
                0x0000000000006146       0x10 .build/obj_keyball_keyball39_via/spi_master.a(spi_master.o)
                0x0000000000006146                spi_init
 .text.spi_start
                0x0000000000006156       0xf2 .build/obj_keyball_keyball39_via/spi_master.a(spi_master.o)
                0x0000000000006156                spi_start
 .text.spi_write
                0x0000000000006248       0x30 .build/obj_keyball_keyball39_via/spi_master.a(spi_master.o)
                0x0000000000006248                spi_write
 .text.spi_read
                0x0000000000006278       0x30 .build/obj_keyball_keyball39_via/spi_master.a(spi_master.o)
                0x0000000000006278                spi_read
 .text.spi_stop
                0x00000000000062a8       0x50 .build/obj_keyball_keyball39_via/spi_master.a(spi_master.o)
                0x00000000000062a8                spi_stop
 .text.i2c_init
                0x00000000000062f8        0xc .build/obj_keyball_keyball39_via/i2c_master.a(i2c_master.o)
                0x00000000000062f8                i2c_init
 .text.i2c_start
                0x0000000000006304      0x102 .build/obj_keyball_keyball39_via/i2c_master.a(i2c_master.o)
                0x0000000000006304                i2c_start
 .text.i2c_write
                0x0000000000006406       0x60 .build/obj_keyball_keyball39_via/i2c_master.a(i2c_master.o)
                0x0000000000006406                i2c_write
 .text.i2c_transmit
                0x0000000000006466       0x4e .build/obj_keyball_keyball39_via/i2c_master.a(i2c_master.o)
                0x0000000000006466                i2c_transmit
 .text.i2c_writeReg
                0x00000000000064b4       0x5a .build/obj_keyball_keyball39_via/i2c_master.a(i2c_master.o)
                0x00000000000064b4                i2c_writeReg
 .text.i2c_stop
                0x000000000000650e        0x8 .build/obj_keyball_keyball39_via/i2c_master.a(i2c_master.o)
                0x000000000000650e                i2c_stop
 .text.sync_recv
                0x0000000000006516       0x10 .build/obj_keyball_keyball39_via/serial.a(serial.o)
 .text.sync_send
                0x0000000000006526        0xc .build/obj_keyball_keyball39_via/serial.a(serial.o)
 .text.serial_read_chunk.constprop.0
                0x0000000000006532       0x50 .build/obj_keyball_keyball39_via/serial.a(serial.o)
 .text.serial_recive_packet
                0x0000000000006582       0x4e .build/obj_keyball_keyball39_via/serial.a(serial.o)
 .text.soft_serial_initiator_init
                0x00000000000065d0        0x6 .build/obj_keyball_keyball39_via/serial.a(serial.o)
                0x00000000000065d0                soft_serial_initiator_init
 .text.soft_serial_target_init
                0x00000000000065d6       0x12 .build/obj_keyball_keyball39_via/serial.a(serial.o)
                0x00000000000065d6                soft_serial_target_init
 .text.serial_write_chunk
                0x00000000000065e8       0x40 .build/obj_keyball_keyball39_via/serial.a(serial.o)
                0x00000000000065e8                serial_write_chunk
 .text.serial_send_packet
                0x0000000000006628       0x34 .build/obj_keyball_keyball39_via/serial.a(serial.o)
 .text.__vector_3
                0x000000000000665c      0x18e .build/obj_keyball_keyball39_via/serial.a(serial.o)
                0x000000000000665c                __vector_3
 .text.soft_serial_transaction
                0x00000000000067ea      0x170 .build/obj_keyball_keyball39_via/serial.a(serial.o)
                0x00000000000067ea                soft_serial_transaction
 .text.libgcc.div
                0x000000000000695a       0x28 /usr/lib/gcc/avr/5.4.0/avr5/libgcc.a(_udivmodhi4.o)
                0x000000000000695a                __udivmodhi4
 .text.avr-libc
                0x0000000000006982       0x12 /usr/lib/gcc/avr/5.4.0/../../../avr/lib/avr5/libc.a(memcpy_P.o)
                0x0000000000006982                memcpy_P
 .text.avr-libc
                0x0000000000006994       0x10 /usr/lib/gcc/avr/5.4.0/../../../avr/lib/avr5/libatmega32u4.a(eerd_byte.o)
                0x0000000000006994                eeprom_read_byte
 .text.avr-libc
                0x00000000000069a4        0xc /usr/lib/gcc/avr/5.4.0/../../../avr/lib/avr5/libatmega32u4.a(eerd_dword.o)
                0x00000000000069a4                eeprom_read_dword
                0x00000000000069a4                eeprom_read_float
 .text.avr-libc
                0x00000000000069b0        0xc /usr/lib/gcc/avr/5.4.0/../../../avr/lib/avr5/libatmega32u4.a(eerd_word.o)
                0x00000000000069b0                eeprom_read_word
 .text.avr-libc
                0x00000000000069bc       0x24 /usr/lib/gcc/avr/5.4.0/../../../avr/lib/avr5/libatmega32u4.a(eeupd_byte.o)
                0x00000000000069bc                eeprom_update_byte
                0x00000000000069be                eeprom_update_r18
 .text.avr-libc
                0x00000000000069e0       0x18 /usr/lib/gcc/avr/5.4.0/../../../avr/lib/avr5/libatmega32u4.a(eeupd_dword.o)
                0x00000000000069e0                eeprom_update_dword
                0x00000000000069e0                eeprom_update_float
 .text.avr-libc
                0x00000000000069f8        0xc /usr/lib/gcc/avr/5.4.0/../../../avr/lib/avr5/libatmega32u4.a(eeupd_word.o)
                0x00000000000069f8                eeprom_update_word
 .text.avr-libc
                0x0000000000006a04       0x20 /usr/lib/gcc/avr/5.4.0/../../../avr/lib/avr5/libatmega32u4.a(eerd_block.o)
                0x0000000000006a04                eeprom_read_block
                0x0000000000006a08                eeprom_read_blraw
 .text.libgcc.div
                0x0000000000006a24       0x18 /usr/lib/gcc/avr/5.4.0/avr5/libgcc.a(_udivmodqi4.o)
                0x0000000000006a24                __udivmodqi4
 .text.libgcc.div
                0x0000000000006a3c       0x1c /usr/lib/gcc/avr/5.4.0/avr5/libgcc.a(_divmodqi4.o)
                0x0000000000006a3c                __divmodqi4
 .text.libgcc.div
                0x0000000000006a58       0x28 /usr/lib/gcc/avr/5.4.0/avr5/libgcc.a(_divmodhi4.o)
                0x0000000000006a58                __divmodhi4
                0x0000000000006a58                _div
 .text.libgcc   0x0000000000006a80        0xc /usr/lib/gcc/avr/5.4.0/avr5/libgcc.a(_tablejump2.o)
                0x0000000000006a80                __tablejump2__
 .text.libgcc.builtins
                0x0000000000006a8c        0xe /usr/lib/gcc/avr/5.4.0/avr5/libgcc.a(_bswapsi2.o)
                0x0000000000006a8c                __bswapsi2
 .text.avr-libc
                0x0000000000006a9a       0x1a /usr/lib/gcc/avr/5.4.0/../../../avr/lib/avr5/libc.a(memchr.o)
                0x0000000000006a9a                memchr
 .text.avr-libc
                0x0000000000006ab4       0x1a /usr/lib/gcc/avr/5.4.0/../../../avr/lib/avr5/libc.a(memcmp.o)
                0x0000000000006ab4                memcmp
 .text.avr-libc
                0x0000000000006ace       0x12 /usr/lib/gcc/avr/5.4.0/../../../avr/lib/avr5/libc.a(memcpy.o)
                0x0000000000006ace                memcpy
                0x0000000000006ae0                . = ALIGN (0x2)
 *(.fini9)
 .fini9         0x0000000000006ae0        0x0 /usr/lib/gcc/avr/5.4.0/avr5/libgcc.a(_exit.o)
                0x0000000000006ae0                exit
                0x0000000000006ae0                _exit
 *(.fini9)
 *(.fini8)
 *(.fini8)
 *(.fini7)
 *(.fini7)
 *(.fini6)
 *(.fini6)
 *(.fini5)
 *(.fini5)
 *(.fini4)
 *(.fini4)
 *(.fini3)
 *(.fini3)
 *(.fini2)
 *(.fini2)
 *(.fini1)
 *(.fini1)
 *(.fini0)
 .fini0         0x0000000000006ae0        0x4 /usr/lib/gcc/avr/5.4.0/avr5/libgcc.a(_exit.o)
 *(.fini0)
                0x0000000000006ae4                _etext = .

.data           0x0000000000800100       0xe2 load address 0x0000000000006ae4
                0x0000000000800100                PROVIDE (__data_start, .)
 *(.data)
 *(.data*)
 .data.isLeftHand
                0x0000000000800100        0x1 /tmp/ccrHgbVy.ltrans0.ltrans.o
 .data.split_transaction_table
                0x0000000000800101       0x6e /tmp/ccrHgbVy.ltrans0.ltrans.o
                0x0000000000800101                split_transaction_table
 .data.lufa_driver
                0x000000000080016f        0xc /tmp/ccrHgbVy.ltrans0.ltrans.o
 .data.display_start.2226
                0x000000000080017b        0x7 /tmp/ccrHgbVy.ltrans0.ltrans.o
 .data.keyboard_protocol
                0x0000000000800182        0x1 /tmp/ccrHgbVy.ltrans2.ltrans.o
                0x0000000000800182                keyboard_protocol
 .data.static_effect_table.lto_priv.48
                0x0000000000800183        0xb /tmp/ccrHgbVy.ltrans5.ltrans.o
                0x0000000000800183                static_effect_table.lto_priv.48
 .data.rgblight_ranges
                0x000000000080018e        0x5 /tmp/ccrHgbVy.ltrans5.ltrans.o
                0x000000000080018e                rgblight_ranges
 .data.increment.3490
                0x0000000000800193        0x1 /tmp/ccrHgbVy.ltrans5.ltrans.o
 .data.high_bound.3489
                0x0000000000800194        0x1 /tmp/ccrHgbVy.ltrans5.ltrans.o
 .data.currentSlavePin
                0x0000000000800195        0x1 .build/obj_keyball_keyball39_via/spi_master.a(spi_master.o)
 *(.gnu.linkonce.d*)
 *(.rodata)
 *(.rodata*)
 .rodata.row_pins.lto_priv.67
                0x0000000000800196        0x8 /tmp/ccrHgbVy.ltrans0.ltrans.o
                0x0000000000800196                row_pins.lto_priv.67
 .rodata.col_pins.lto_priv.66
                0x000000000080019e        0x6 /tmp/ccrHgbVy.ltrans0.ltrans.o
                0x000000000080019e                col_pins.lto_priv.66
 .rodata.source_map.2227
                0x00000000008001a4        0x4 /tmp/ccrHgbVy.ltrans0.ltrans.o
 .rodata.target_map.2228
                0x00000000008001a8        0x4 /tmp/ccrHgbVy.ltrans0.ltrans.o
 .rodata.matrix_mask
                0x00000000008001ac        0x8 /tmp/ccrHgbVy.ltrans0.ltrans.o
 .rodata.CSWTCH.3
                0x00000000008001b4        0x3 /tmp/ccrHgbVy.ltrans2.ltrans.o
 .rodata.CSWTCH.2
                0x00000000008001b7        0x6 /tmp/ccrHgbVy.ltrans2.ltrans.o
 .rodata.CSWTCH.1
                0x00000000008001bd        0x6 /tmp/ccrHgbVy.ltrans2.ltrans.o
 .rodata.split_shmem
                0x00000000008001c3        0x2 /tmp/ccrHgbVy.ltrans3.ltrans.o
                0x00000000008001c3                split_shmem
 .rodata.mode_base_table
                0x00000000008001c5       0x1c /tmp/ccrHgbVy.ltrans7.ltrans.o
 *(.gnu.linkonce.r*)
                0x00000000008001e2                . = ALIGN (0x2)
 *fill*         0x00000000008001e1        0x1 
                0x00000000008001e2                _edata = .
                0x00000000008001e2                PROVIDE (__data_end, .)

.bss            0x00000000008001e2      0x42d
                0x00000000008001e2                PROVIDE (__bss_start, .)
 *(.bss)
 .bss           0x00000000008001e2        0x2 .build/obj_keyball_keyball39_via/platforms/avr/xprintf.o
                0x00000000008001e2                xfunc_out
 *(.bss*)
 .bss.dummy     0x00000000008001e4        0x1 /tmp/ccrHgbVy.ltrans0.ltrans.o
 .bss.sync_timer_ms
                0x00000000008001e5        0x4 /tmp/ccrHgbVy.ltrans0.ltrans.o
                0x00000000008001e5                sync_timer_ms
 .bss.keymap_config
                0x00000000008001e9        0x2 /tmp/ccrHgbVy.ltrans0.ltrans.o
                0x00000000008001e9                keymap_config
 .bss.raw_matrix
                0x00000000008001eb        0x8 /tmp/ccrHgbVy.ltrans0.ltrans.o
                0x00000000008001eb                raw_matrix
 .bss.thatHand  0x00000000008001f3        0x1 /tmp/ccrHgbVy.ltrans0.ltrans.o
                0x00000000008001f3                thatHand
 .bss.thisHand  0x00000000008001f4        0x1 /tmp/ccrHgbVy.ltrans0.ltrans.o
                0x00000000008001f4                thisHand
 .bss.is_rgblight_initialized
                0x00000000008001f5        0x1 /tmp/ccrHgbVy.ltrans0.ltrans.o
 .bss.report_last_timer.3455
                0x00000000008001f6        0x2 /tmp/ccrHgbVy.ltrans0.ltrans.o
 .bss.tick_flag.3456
                0x00000000008001f8        0x1 /tmp/ccrHgbVy.ltrans0.ltrans.o
 .bss.temp_buffer.2229
                0x00000000008001f9       0x20 /tmp/ccrHgbVy.ltrans0.ltrans.o
 .bss.oled_rotation
                0x0000000000800219        0x1 /tmp/ccrHgbVy.ltrans0.ltrans.o
 .bss.oled_scrolling
                0x000000000080021a        0x1 /tmp/ccrHgbVy.ltrans0.ltrans.o
 .bss.oled_update_timeout
                0x000000000080021b        0x2 /tmp/ccrHgbVy.ltrans0.ltrans.o
 .bss.led_status.4526
                0x000000000080021d        0x1 /tmp/ccrHgbVy.ltrans0.ltrans.o
 .bss.debug_config
                0x000000000080021e        0x1 /tmp/ccrHgbVy.ltrans0.ltrans.o
 .bss.matrix_prev.4525
                0x000000000080021f        0x8 /tmp/ccrHgbVy.ltrans0.ltrans.o
 .bss.matrix    0x0000000000800227        0x8 /tmp/ccrHgbVy.ltrans0.ltrans.o
                0x0000000000800227                matrix
 .bss.round.4773
                0x000000000080022f        0x2 /tmp/ccrHgbVy.ltrans0.ltrans.o
 .bss.last_sync.4772
                0x0000000000800231        0x4 /tmp/ccrHgbVy.ltrans0.ltrans.o
 .bss.negotiated.4771
                0x0000000000800235        0x1 /tmp/ccrHgbVy.ltrans0.ltrans.o
 .bss.last_sync.4788
                0x0000000000800236        0x4 /tmp/ccrHgbVy.ltrans0.ltrans.o
 .bss.keyball   0x000000000080023a       0x22 /tmp/ccrHgbVy.ltrans0.ltrans.o
                0x000000000080023a                keyball
 .bss.grave_esc_was_shifted
                0x000000000080025c        0x1 /tmp/ccrHgbVy.ltrans1.ltrans.o
 .bss.USB_IsInitialized
                0x000000000080025d        0x1 /tmp/ccrHgbVy.ltrans2.ltrans.o
 .bss.real_mods.lto_priv.51
                0x000000000080025e        0x1 /tmp/ccrHgbVy.ltrans2.ltrans.o
                0x000000000080025e                real_mods.lto_priv.51
 .bss.keyboard_idle
                0x000000000080025f        0x1 /tmp/ccrHgbVy.ltrans2.ltrans.o
 .bss.keyboard_led_state.lto_priv.47
                0x0000000000800260        0x1 /tmp/ccrHgbVy.ltrans2.ltrans.o
                0x0000000000800260                keyboard_led_state.lto_priv.47
 .bss.keyboard_report_sent.lto_priv.46
                0x0000000000800261        0x8 /tmp/ccrHgbVy.ltrans2.ltrans.o
                0x0000000000800261                keyboard_report_sent.lto_priv.46
 .bss.USB_Device_CurrentlySelfPowered
                0x0000000000800269        0x1 /tmp/ccrHgbVy.ltrans2.ltrans.o
 .bss.USB_Device_RemoteWakeupEnabled
                0x000000000080026a        0x1 /tmp/ccrHgbVy.ltrans2.ltrans.o
                0x000000000080026a                USB_Device_RemoteWakeupEnabled
 .bss.USB_DeviceState
                0x000000000080026b        0x1 /tmp/ccrHgbVy.ltrans2.ltrans.o
                0x000000000080026b                USB_DeviceState
 .bss.USB_Device_ConfigurationNumber
                0x000000000080026c        0x1 /tmp/ccrHgbVy.ltrans2.ltrans.o
 .bss.USB_ControlRequest
                0x000000000080026d        0x8 /tmp/ccrHgbVy.ltrans2.ltrans.o
                0x000000000080026d                USB_ControlRequest
 .bss.layer_state
                0x0000000000800275        0x1 /tmp/ccrHgbVy.ltrans2.ltrans.o
                0x0000000000800275                layer_state
 .bss.oled_rotation_width
                0x0000000000800276        0x1 /tmp/ccrHgbVy.ltrans2.ltrans.o
                0x0000000000800276                oled_rotation_width
 .bss.oled_dirty
                0x0000000000800277        0x2 /tmp/ccrHgbVy.ltrans2.ltrans.o
                0x0000000000800277                oled_dirty
 .bss.oled_buffer
                0x0000000000800279      0x200 /tmp/ccrHgbVy.ltrans2.ltrans.o
                0x0000000000800279                oled_buffer
 .bss.oled_temp_buffer.2256
                0x0000000000800479        0x6 /tmp/ccrHgbVy.ltrans2.ltrans.o
 .bss.oled_cursor
                0x000000000080047f        0x2 /tmp/ccrHgbVy.ltrans2.ltrans.o
                0x000000000080047f                oled_cursor
 .bss.debouncing_time
                0x0000000000800481        0x2 /tmp/ccrHgbVy.ltrans3.ltrans.o
 .bss.debouncing
                0x0000000000800483        0x1 /tmp/ccrHgbVy.ltrans3.ltrans.o
 .bss.connection_check_timer.4734
                0x0000000000800484        0x2 /tmp/ccrHgbVy.ltrans3.ltrans.o
 .bss.last_sync_timer.4952
                0x0000000000800486        0x4 /tmp/ccrHgbVy.ltrans3.ltrans.o
 .bss.last_connected.4956
                0x000000000080048a        0x1 /tmp/ccrHgbVy.ltrans3.ltrans.o
 .bss.usbstate.4719
                0x000000000080048b        0x1 /tmp/ccrHgbVy.ltrans3.ltrans.o
 .bss.shared_memory
                0x000000000080048c       0x54 /tmp/ccrHgbVy.ltrans3.ltrans.o
 .bss.last_matrix.4934
                0x00000000008004e0        0x4 /tmp/ccrHgbVy.ltrans3.ltrans.o
 .bss.last_update.4933
                0x00000000008004e4        0x4 /tmp/ccrHgbVy.ltrans3.ltrans.o
 .bss.last_update.4945
                0x00000000008004e8        0x4 /tmp/ccrHgbVy.ltrans3.ltrans.o
 .bss.last_update.4957
                0x00000000008004ec        0x4 /tmp/ccrHgbVy.ltrans3.ltrans.o
 .bss.connection_errors
                0x00000000008004f0        0x1 /tmp/ccrHgbVy.ltrans3.ltrans.o
 .bss.__compound_literal.0.lto_priv.68
                0x00000000008004f1        0x8 /tmp/ccrHgbVy.ltrans4.ltrans.o
                0x00000000008004f1                __compound_literal.0.lto_priv.68
 .bss.source_layers_cache
                0x00000000008004f9       0x12 /tmp/ccrHgbVy.ltrans4.ltrans.o
 .bss.tapping_key.lto_priv.76
                0x000000000080050b        0x6 /tmp/ccrHgbVy.ltrans4.ltrans.o
                0x000000000080050b                tapping_key.lto_priv.76
 .bss.waiting_buffer_head.lto_priv.79
                0x0000000000800511        0x1 /tmp/ccrHgbVy.ltrans4.ltrans.o
                0x0000000000800511                waiting_buffer_head.lto_priv.79
 .bss.waiting_buffer.lto_priv.77
                0x0000000000800512       0x30 /tmp/ccrHgbVy.ltrans4.ltrans.o
                0x0000000000800512                waiting_buffer.lto_priv.77
 .bss.waiting_buffer_tail.lto_priv.78
                0x0000000000800542        0x1 /tmp/ccrHgbVy.ltrans4.ltrans.o
                0x0000000000800542                waiting_buffer_tail.lto_priv.78
 .bss.oneshot_layer_data.lto_priv.69
                0x0000000000800543        0x1 /tmp/ccrHgbVy.ltrans4.ltrans.o
                0x0000000000800543                oneshot_layer_data.lto_priv.69
 .bss.macro_mods
                0x0000000000800544        0x1 /tmp/ccrHgbVy.ltrans4.ltrans.o
 .bss.weak_mods.lto_priv.71
                0x0000000000800545        0x1 /tmp/ccrHgbVy.ltrans4.ltrans.o
                0x0000000000800545                weak_mods.lto_priv.71
 .bss.oneshot_mods.lto_priv.70
                0x0000000000800546        0x1 /tmp/ccrHgbVy.ltrans4.ltrans.o
                0x0000000000800546                oneshot_mods.lto_priv.70
 .bss.default_layer_state
                0x0000000000800547        0x1 /tmp/ccrHgbVy.ltrans4.ltrans.o
                0x0000000000800547                default_layer_state
 .bss.animation_status
                0x0000000000800548        0x6 /tmp/ccrHgbVy.ltrans5.ltrans.o
                0x0000000000800548                animation_status
 .bss.rgblight_status
                0x000000000080054e        0x3 /tmp/ccrHgbVy.ltrans5.ltrans.o
                0x000000000080054e                rgblight_status
 .bss.led       0x0000000000800551       0x90 /tmp/ccrHgbVy.ltrans5.ltrans.o
                0x0000000000800551                led
 .bss.low_bound.3488
                0x00000000008005e1        0x1 /tmp/ccrHgbVy.ltrans5.ltrans.o
 .bss.rgblight_config
                0x00000000008005e2        0x5 /tmp/ccrHgbVy.ltrans5.ltrans.o
                0x00000000008005e2                rgblight_config
 .bss.oled_timeout
                0x00000000008005e7        0x4 /tmp/ccrHgbVy.ltrans5.ltrans.o
                0x00000000008005e7                oled_timeout
 .bss.oled_active
                0x00000000008005eb        0x1 /tmp/ccrHgbVy.ltrans5.ltrans.o
                0x00000000008005eb                oled_active
 .bss.oled_initialized
                0x00000000008005ec        0x1 /tmp/ccrHgbVy.ltrans5.ltrans.o
                0x00000000008005ec                oled_initialized
 .bss.driver.lto_priv.49
                0x00000000008005ed        0x2 /tmp/ccrHgbVy.ltrans5.ltrans.o
                0x00000000008005ed                driver.lto_priv.49
 .bss.wdt_timeout.lto_priv.52
                0x00000000008005ef        0x1 /tmp/ccrHgbVy.ltrans5.ltrans.o
                0x00000000008005ef                wdt_timeout.lto_priv.52
 .bss.timer_count
                0x00000000008005f0        0x4 /tmp/ccrHgbVy.ltrans5.ltrans.o
                0x00000000008005f0                timer_count
 .bss.buf.4705  0x00000000008005f4        0x5 /tmp/ccrHgbVy.ltrans6.ltrans.o
 .bss.last.4751
                0x00000000008005f9        0x4 /tmp/ccrHgbVy.ltrans6.ltrans.o
 .bss.old_report.2291
                0x00000000008005fd        0x6 /tmp/ccrHgbVy.ltrans7.ltrans.o
 .bss.mouseReport.lto_priv.72
                0x0000000000800603        0x6 /tmp/ccrHgbVy.ltrans7.ltrans.o
                0x0000000000800603                mouseReport.lto_priv.72
 .bss.last_system_report
                0x0000000000800609        0x2 /tmp/ccrHgbVy.ltrans8.ltrans.o
 .bss.last_consumer_report
                0x000000000080060b        0x2 /tmp/ccrHgbVy.ltrans8.ltrans.o
 .bss.currentSlave2X
                0x000000000080060d        0x1 .build/obj_keyball_keyball39_via/spi_master.a(spi_master.o)
 .bss.currentSlaveConfig
                0x000000000080060e        0x1 .build/obj_keyball_keyball39_via/spi_master.a(spi_master.o)
 *(COMMON)
                0x000000000080060f                PROVIDE (__bss_end, .)
                0x0000000000006ae4                __data_load_start = LOADADDR (.data)
                0x0000000000006bc6                __data_load_end = (__data_load_start + SIZEOF (.data))

.noinit         0x000000000080060f        0x4
                [!provide]                        PROVIDE (__noinit_start, .)
 *(.noinit*)
 .noinit        0x000000000080060f        0x4 /tmp/ccrHgbVy.ltrans5.ltrans.o
                [!provide]                        PROVIDE (__noinit_end, .)
                0x0000000000800613                _end = .
                [!provide]                        PROVIDE (__heap_start, .)

.eeprom         0x0000000000810000        0x0
 *(.eeprom*)
                0x0000000000810000                __eeprom_end = .

.fuse
 *(.fuse)
 *(.lfuse)
 *(.hfuse)
 *(.efuse)

.lock
 *(.lock*)

.signature
 *(.signature*)

.user_signatures
 *(.user_signatures*)

.stab
 *(.stab)

.stabstr
 *(.stabstr)

.stab.excl
 *(.stab.excl)

.stab.exclstr
 *(.stab.exclstr)

.stab.index
 *(.stab.index)

.stab.indexstr
 *(.stab.indexstr)

.comment        0x0000000000000000       0x11
 *(.comment)
 .comment       0x0000000000000000       0x12 /tmp/ccrHgbVy.ltrans0.ltrans.o
 .comment       0x0000000000000000       0x12 /tmp/ccrHgbVy.ltrans1.ltrans.o
 .comment       0x0000000000000000       0x12 /tmp/ccrHgbVy.ltrans2.ltrans.o
 .comment       0x0000000000000000       0x12 /tmp/ccrHgbVy.ltrans3.ltrans.o
 .comment       0x0000000000000000       0x12 /tmp/ccrHgbVy.ltrans4.ltrans.o
 .comment       0x0000000000000000       0x12 /tmp/ccrHgbVy.ltrans5.ltrans.o
 .comment       0x0000000000000000       0x12 /tmp/ccrHgbVy.ltrans6.ltrans.o
 .comment       0x0000000000000000       0x12 /tmp/ccrHgbVy.ltrans7.ltrans.o
 .comment       0x0000000000000000       0x12 /tmp/ccrHgbVy.ltrans8.ltrans.o
 .comment       0x0000000000000000       0x11 .build/obj_keyball_keyball39_via/spi_master.a(spi_master.o)
                                         0x12 (size before relaxing)
 .comment       0x0000000000000011       0x12 .build/obj_keyball_keyball39_via/i2c_master.a(i2c_master.o)
 .comment       0x0000000000000011       0x12 .build/obj_keyball_keyball39_via/serial.a(serial.o)

.note.gnu.avr.deviceinfo
                0x0000000000000000       0x40
 .note.gnu.avr.deviceinfo
                0x0000000000000000       0x40 /usr/lib/gcc/avr/5.4.0/../../../avr/lib/avr5/crtatmega32u4.o

.note.gnu.build-id
 *(.note.gnu.build-id)

.debug
 *(.debug)

.line
 *(.line)

.debug_srcinfo
 *(.debug_srcinfo)

.debug_sfnames
 *(.debug_sfnames)

.debug_aranges  0x0000000000000000      0x658
 *(.debug_aranges)
 .debug_aranges
                0x0000000000000000       0x20 /tmp/ccrHgbVy.ltrans0.ltrans.o
 .debug_aranges
                0x0000000000000020       0x20 /tmp/ccrHgbVy.ltrans1.ltrans.o
 .debug_aranges
                0x0000000000000040       0x80 /tmp/ccrHgbVy.ltrans2.ltrans.o
 .debug_aranges
                0x00000000000000c0       0xa8 /tmp/ccrHgbVy.ltrans3.ltrans.o
 .debug_aranges
                0x0000000000000168       0xd0 /tmp/ccrHgbVy.ltrans4.ltrans.o
 .debug_aranges
                0x0000000000000238      0x140 /tmp/ccrHgbVy.ltrans5.ltrans.o
 .debug_aranges
                0x0000000000000378       0xc0 /tmp/ccrHgbVy.ltrans6.ltrans.o
 .debug_aranges
                0x0000000000000438       0xc0 /tmp/ccrHgbVy.ltrans7.ltrans.o
 .debug_aranges
                0x00000000000004f8       0x28 /tmp/ccrHgbVy.ltrans8.ltrans.o
 .debug_aranges
                0x0000000000000520       0x50 .build/obj_keyball_keyball39_via/spi_master.a(spi_master.o)
 .debug_aranges
                0x0000000000000570       0x78 .build/obj_keyball_keyball39_via/i2c_master.a(i2c_master.o)
 .debug_aranges
                0x00000000000005e8       0x70 .build/obj_keyball_keyball39_via/serial.a(serial.o)

.debug_pubnames
 *(.debug_pubnames)

.debug_info     0x0000000000000000    0x1188b
 *(.debug_info .gnu.linkonce.wi.*)
 .debug_info    0x0000000000000000      0x9f4 /usr/lib/gcc/avr/5.4.0/../../../avr/lib/avr5/crtatmega32u4.o
 .debug_info    0x00000000000009f4     0x34d1 /tmp/ccrHgbVy.ltrans0.ltrans.o
 .debug_info    0x0000000000003ec5     0x1d8b /tmp/ccrHgbVy.ltrans1.ltrans.o
 .debug_info    0x0000000000005c50     0x27ef /tmp/ccrHgbVy.ltrans2.ltrans.o
 .debug_info    0x000000000000843f     0x202a /tmp/ccrHgbVy.ltrans3.ltrans.o
 .debug_info    0x000000000000a469     0x15a8 /tmp/ccrHgbVy.ltrans4.ltrans.o
 .debug_info    0x000000000000ba11     0x19b4 /tmp/ccrHgbVy.ltrans5.ltrans.o
 .debug_info    0x000000000000d3c5     0x1251 /tmp/ccrHgbVy.ltrans6.ltrans.o
 .debug_info    0x000000000000e616     0x130b /tmp/ccrHgbVy.ltrans7.ltrans.o
 .debug_info    0x000000000000f921      0x454 /tmp/ccrHgbVy.ltrans8.ltrans.o
 .debug_info    0x000000000000fd75      0x2ec .build/obj_keyball_keyball39_via/spi_master.a(spi_master.o)
 .debug_info    0x0000000000010061      0x949 .build/obj_keyball_keyball39_via/i2c_master.a(i2c_master.o)
 .debug_info    0x00000000000109aa      0xee1 .build/obj_keyball_keyball39_via/serial.a(serial.o)

.debug_abbrev   0x0000000000000000     0x3935
 *(.debug_abbrev)
 .debug_abbrev  0x0000000000000000      0x96a /usr/lib/gcc/avr/5.4.0/../../../avr/lib/avr5/crtatmega32u4.o
 .debug_abbrev  0x000000000000096a      0x4a1 /tmp/ccrHgbVy.ltrans0.ltrans.o
 .debug_abbrev  0x0000000000000e0b      0x3b1 /tmp/ccrHgbVy.ltrans1.ltrans.o
 .debug_abbrev  0x00000000000011bc      0x425 /tmp/ccrHgbVy.ltrans2.ltrans.o
 .debug_abbrev  0x00000000000015e1      0x553 /tmp/ccrHgbVy.ltrans3.ltrans.o
 .debug_abbrev  0x0000000000001b34      0x53c /tmp/ccrHgbVy.ltrans4.ltrans.o
 .debug_abbrev  0x0000000000002070      0x6a9 /tmp/ccrHgbVy.ltrans5.ltrans.o
 .debug_abbrev  0x0000000000002719      0x507 /tmp/ccrHgbVy.ltrans6.ltrans.o
 .debug_abbrev  0x0000000000002c20      0x42a /tmp/ccrHgbVy.ltrans7.ltrans.o
 .debug_abbrev  0x000000000000304a      0x222 /tmp/ccrHgbVy.ltrans8.ltrans.o
 .debug_abbrev  0x000000000000326c      0x10a .build/obj_keyball_keyball39_via/spi_master.a(spi_master.o)
 .debug_abbrev  0x0000000000003376      0x1f8 .build/obj_keyball_keyball39_via/i2c_master.a(i2c_master.o)
 .debug_abbrev  0x000000000000356e      0x3c7 .build/obj_keyball_keyball39_via/serial.a(serial.o)

.debug_line     0x0000000000000000     0x6a6d
 *(.debug_line .debug_line.* .debug_line_end)
 .debug_line    0x0000000000000000       0x1a /usr/lib/gcc/avr/5.4.0/../../../avr/lib/avr5/crtatmega32u4.o
 .debug_line    0x000000000000001a     0x1145 /tmp/ccrHgbVy.ltrans0.ltrans.o
 .debug_line    0x000000000000115f      0x9cd /tmp/ccrHgbVy.ltrans1.ltrans.o
 .debug_line    0x0000000000001b2c     0x110d /tmp/ccrHgbVy.ltrans2.ltrans.o
 .debug_line    0x0000000000002c39      0xb96 /tmp/ccrHgbVy.ltrans3.ltrans.o
 .debug_line    0x00000000000037cf      0x82b /tmp/ccrHgbVy.ltrans4.ltrans.o
 .debug_line    0x0000000000003ffa      0xc9d /tmp/ccrHgbVy.ltrans5.ltrans.o
 .debug_line    0x0000000000004c97      0x811 /tmp/ccrHgbVy.ltrans6.ltrans.o
 .debug_line    0x00000000000054a8      0x700 /tmp/ccrHgbVy.ltrans7.ltrans.o
 .debug_line    0x0000000000005ba8      0x1a9 /tmp/ccrHgbVy.ltrans8.ltrans.o
 .debug_line    0x0000000000005d51      0x2b9 .build/obj_keyball_keyball39_via/spi_master.a(spi_master.o)
 .debug_line    0x000000000000600a      0x4e1 .build/obj_keyball_keyball39_via/i2c_master.a(i2c_master.o)
 .debug_line    0x00000000000064eb      0x582 .build/obj_keyball_keyball39_via/serial.a(serial.o)

.debug_frame    0x0000000000000000     0x13b8
 *(.debug_frame)
 .debug_frame   0x0000000000000000       0x34 /tmp/ccrHgbVy.ltrans0.ltrans.o
 .debug_frame   0x0000000000000034       0x80 /tmp/ccrHgbVy.ltrans1.ltrans.o
 .debug_frame   0x00000000000000b4      0x228 /tmp/ccrHgbVy.ltrans2.ltrans.o
 .debug_frame   0x00000000000002dc      0x27c /tmp/ccrHgbVy.ltrans3.ltrans.o
 .debug_frame   0x0000000000000558      0x228 /tmp/ccrHgbVy.ltrans4.ltrans.o
 .debug_frame   0x0000000000000780      0x35c /tmp/ccrHgbVy.ltrans5.ltrans.o
 .debug_frame   0x0000000000000adc      0x214 /tmp/ccrHgbVy.ltrans6.ltrans.o
 .debug_frame   0x0000000000000cf0      0x204 /tmp/ccrHgbVy.ltrans7.ltrans.o
 .debug_frame   0x0000000000000ef4       0x3c /tmp/ccrHgbVy.ltrans8.ltrans.o
 .debug_frame   0x0000000000000f30       0xc4 .build/obj_keyball_keyball39_via/spi_master.a(spi_master.o)
 .debug_frame   0x0000000000000ff4      0x240 .build/obj_keyball_keyball39_via/i2c_master.a(i2c_master.o)
 .debug_frame   0x0000000000001234      0x184 .build/obj_keyball_keyball39_via/serial.a(serial.o)

.debug_str      0x0000000000000000     0x4f18
 *(.debug_str)
 .debug_str     0x0000000000000000      0x371 /usr/lib/gcc/avr/5.4.0/../../../avr/lib/avr5/crtatmega32u4.o
 .debug_str     0x0000000000000371     0x1378 /tmp/ccrHgbVy.ltrans0.ltrans.o
                                       0x1683 (size before relaxing)
 .debug_str     0x00000000000016e9      0x599 /tmp/ccrHgbVy.ltrans1.ltrans.o
                                        0x9b6 (size before relaxing)
 .debug_str     0x0000000000001c82      0xed9 /tmp/ccrHgbVy.ltrans2.ltrans.o
                                       0x13f4 (size before relaxing)
 .debug_str     0x0000000000002b5b      0x6d9 /tmp/ccrHgbVy.ltrans3.ltrans.o
                                        0xd1e (size before relaxing)
 .debug_str     0x0000000000003234      0x52f /tmp/ccrHgbVy.ltrans4.ltrans.o
                                        0x9af (size before relaxing)
 .debug_str     0x0000000000003763      0x645 /tmp/ccrHgbVy.ltrans5.ltrans.o
                                        0xc2f (size before relaxing)
 .debug_str     0x0000000000003da8      0x40c /tmp/ccrHgbVy.ltrans6.ltrans.o
                                        0x7d7 (size before relaxing)
 .debug_str     0x00000000000041b4      0x4e3 /tmp/ccrHgbVy.ltrans7.ltrans.o
                                        0x7a3 (size before relaxing)
 .debug_str     0x0000000000004697       0x6b /tmp/ccrHgbVy.ltrans8.ltrans.o
                                        0x2aa (size before relaxing)
 .debug_str     0x0000000000004702      0x22e .build/obj_keyball_keyball39_via/spi_master.a(spi_master.o)
                                        0x297 (size before relaxing)
 .debug_str     0x0000000000004930      0x103 .build/obj_keyball_keyball39_via/i2c_master.a(i2c_master.o)
                                        0x2c6 (size before relaxing)
 .debug_str     0x0000000000004a33      0x4e5 .build/obj_keyball_keyball39_via/serial.a(serial.o)
                                        0x758 (size before relaxing)

.debug_loc      0x0000000000000000     0xa181
 *(.debug_loc)
 .debug_loc     0x0000000000000000     0x1058 /tmp/ccrHgbVy.ltrans0.ltrans.o
 .debug_loc     0x0000000000001058     0x1004 /tmp/ccrHgbVy.ltrans1.ltrans.o
 .debug_loc     0x000000000000205c     0x1661 /tmp/ccrHgbVy.ltrans2.ltrans.o
 .debug_loc     0x00000000000036bd     0x17d8 /tmp/ccrHgbVy.ltrans3.ltrans.o
 .debug_loc     0x0000000000004e95      0xba9 /tmp/ccrHgbVy.ltrans4.ltrans.o
 .debug_loc     0x0000000000005a3e      0xe2f /tmp/ccrHgbVy.ltrans5.ltrans.o
 .debug_loc     0x000000000000686d      0xe44 /tmp/ccrHgbVy.ltrans6.ltrans.o
 .debug_loc     0x00000000000076b1      0xc32 /tmp/ccrHgbVy.ltrans7.ltrans.o
 .debug_loc     0x00000000000082e3      0x12b /tmp/ccrHgbVy.ltrans8.ltrans.o
 .debug_loc     0x000000000000840e      0x373 .build/obj_keyball_keyball39_via/spi_master.a(spi_master.o)
 .debug_loc     0x0000000000008781     0x100d .build/obj_keyball_keyball39_via/i2c_master.a(i2c_master.o)
 .debug_loc     0x000000000000978e      0x9f3 .build/obj_keyball_keyball39_via/serial.a(serial.o)

.debug_macinfo
 *(.debug_macinfo)

.debug_weaknames
 *(.debug_weaknames)

.debug_funcnames
 *(.debug_funcnames)

.debug_typenames
 *(.debug_typenames)

.debug_varnames
 *(.debug_varnames)

.debug_pubtypes
 *(.debug_pubtypes)

.debug_ranges   0x0000000000000000     0x1230
 *(.debug_ranges)
 .debug_ranges  0x0000000000000000      0x4d8 /tmp/ccrHgbVy.ltrans0.ltrans.o
 .debug_ranges  0x00000000000004d8      0x308 /tmp/ccrHgbVy.ltrans1.ltrans.o
 .debug_ranges  0x00000000000007e0      0x200 /tmp/ccrHgbVy.ltrans2.ltrans.o
 .debug_ranges  0x00000000000009e0      0x1b8 /tmp/ccrHgbVy.ltrans3.ltrans.o
 .debug_ranges  0x0000000000000b98      0x148 /tmp/ccrHgbVy.ltrans4.ltrans.o
 .debug_ranges  0x0000000000000ce0      0x180 /tmp/ccrHgbVy.ltrans5.ltrans.o
 .debug_ranges  0x0000000000000e60       0xf8 /tmp/ccrHgbVy.ltrans6.ltrans.o
 .debug_ranges  0x0000000000000f58      0x188 /tmp/ccrHgbVy.ltrans7.ltrans.o
 .debug_ranges  0x00000000000010e0       0x18 /tmp/ccrHgbVy.ltrans8.ltrans.o
 .debug_ranges  0x00000000000010f8       0x40 .build/obj_keyball_keyball39_via/spi_master.a(spi_master.o)
 .debug_ranges  0x0000000000001138       0x98 .build/obj_keyball_keyball39_via/i2c_master.a(i2c_master.o)
 .debug_ranges  0x00000000000011d0       0x60 .build/obj_keyball_keyball39_via/serial.a(serial.o)

.debug_macro
 *(.debug_macro)
OUTPUT(.build/keyball_keyball39_via.elf elf32-avr)
LOAD linker stubs

Cross Reference Table

Symbol                                            File
CALLBACK_HIDParser_FilterHIDReportItem            .build/obj_keyball_keyball39_via/lib/lufa/LUFA/Drivers/USB/Class/Common/HIDParser.o (symbol from plugin)
CALLBACK_USB_GetDescriptor                        .build/obj_keyball_keyball39_via/lufa.o (symbol from plugin)
                                                  .build/obj_keyball_keyball39_via/lib/lufa/LUFA/Drivers/USB/Core/DeviceStandardReq.o (symbol from plugin)
CIE1931_CURVE                                     .build/obj_keyball_keyball39_via/quantum/led_tables.o (symbol from plugin)
                                                  .build/obj_keyball_keyball39_via/quantum/color.o (symbol from plugin)
CPI_DEFAULT                                       .build/obj_keyball_keyball39_via/lib/keyball/keyball.o (symbol from plugin)
CPI_MAX                                           .build/obj_keyball_keyball39_via/lib/keyball/keyball.o (symbol from plugin)
ConfigurationDescriptor                           .build/obj_keyball_keyball39_via/usb_descriptor.o (symbol from plugin)
DeviceDescriptor                                  .build/obj_keyball_keyball39_via/usb_descriptor.o (symbol from plugin)
EVENT_USB_Device_ConfigurationChanged             .build/obj_keyball_keyball39_via/lufa.o (symbol from plugin)
                                                  .build/obj_keyball_keyball39_via/lib/lufa/LUFA/Drivers/USB/Core/DeviceStandardReq.o (symbol from plugin)
EVENT_USB_Device_Connect                          .build/obj_keyball_keyball39_via/lufa.o (symbol from plugin)
                                                  .build/obj_keyball_keyball39_via/lib/lufa/LUFA/Drivers/USB/Core/AVR8/USBInterrupt_AVR8.o (symbol from plugin)
EVENT_USB_Device_ControlRequest                   .build/obj_keyball_keyball39_via/lufa.o (symbol from plugin)
                                                  .build/obj_keyball_keyball39_via/lib/lufa/LUFA/Drivers/USB/Core/DeviceStandardReq.o (symbol from plugin)
EVENT_USB_Device_Disconnect                       .build/obj_keyball_keyball39_via/lufa.o (symbol from plugin)
                                                  .build/obj_keyball_keyball39_via/lib/lufa/LUFA/Drivers/USB/Core/AVR8/USBInterrupt_AVR8.o (symbol from plugin)
EVENT_USB_Device_Reset                            .build/obj_keyball_keyball39_via/lufa.o (symbol from plugin)
                                                  .build/obj_keyball_keyball39_via/lib/lufa/LUFA/Drivers/USB/Core/AVR8/USBInterrupt_AVR8.o (symbol from plugin)
EVENT_USB_Device_StartOfFrame                     .build/obj_keyball_keyball39_via/lib/lufa/LUFA/Drivers/USB/Core/Events.o (symbol from plugin)
                                                  .build/obj_keyball_keyball39_via/lib/lufa/LUFA/Drivers/USB/Core/AVR8/USBInterrupt_AVR8.o (symbol from plugin)
EVENT_USB_Device_Suspend                          .build/obj_keyball_keyball39_via/lufa.o (symbol from plugin)
                                                  .build/obj_keyball_keyball39_via/lib/lufa/LUFA/Drivers/USB/Core/AVR8/USBInterrupt_AVR8.o (symbol from plugin)
EVENT_USB_Device_WakeUp                           .build/obj_keyball_keyball39_via/lufa.o (symbol from plugin)
                                                  .build/obj_keyball_keyball39_via/lib/lufa/LUFA/Drivers/USB/Core/AVR8/USBInterrupt_AVR8.o (symbol from plugin)
Endpoint_ClearEndpoints                           .build/obj_keyball_keyball39_via/lib/lufa/LUFA/Drivers/USB/Core/AVR8/Endpoint_AVR8.o (symbol from plugin)
Endpoint_ClearStatusStage                         /tmp/ccrHgbVy.ltrans5.ltrans.o
                                                  .build/obj_keyball_keyball39_via/lib/lufa/LUFA/Drivers/USB/Core/AVR8/Endpoint_AVR8.o (symbol from plugin)
                                                  /tmp/ccrHgbVy.ltrans2.ltrans.o
                                                  .build/obj_keyball_keyball39_via/lib/lufa/LUFA/Drivers/USB/Core/DeviceStandardReq.o (symbol from plugin)
                                                  .build/obj_keyball_keyball39_via/lufa.o (symbol from plugin)
Endpoint_ConfigureEndpointTable                   .build/obj_keyball_keyball39_via/lib/lufa/LUFA/Drivers/USB/Core/AVR8/Endpoint_AVR8.o (symbol from plugin)
Endpoint_ConfigureEndpoint_Prv                    /tmp/ccrHgbVy.ltrans5.ltrans.o
                                                  .build/obj_keyball_keyball39_via/lib/lufa/LUFA/Drivers/USB/Core/AVR8/Endpoint_AVR8.o (symbol from plugin)
                                                  /tmp/ccrHgbVy.ltrans2.ltrans.o
                                                  .build/obj_keyball_keyball39_via/lib/lufa/LUFA/Drivers/USB/Core/AVR8/USBInterrupt_AVR8.o (symbol from plugin)
                                                  .build/obj_keyball_keyball39_via/lib/lufa/LUFA/Drivers/USB/Core/AVR8/USBController_AVR8.o (symbol from plugin)
                                                  .build/obj_keyball_keyball39_via/lufa.o (symbol from plugin)
Endpoint_Discard_Stream                           .build/obj_keyball_keyball39_via/lib/lufa/LUFA/Drivers/USB/Core/AVR8/EndpointStream_AVR8.o (symbol from plugin)
Endpoint_Null_Stream                              .build/obj_keyball_keyball39_via/lib/lufa/LUFA/Drivers/USB/Core/AVR8/EndpointStream_AVR8.o (symbol from plugin)
Endpoint_Read_Control_EStream_BE                  .build/obj_keyball_keyball39_via/lib/lufa/LUFA/Drivers/USB/Core/AVR8/EndpointStream_AVR8.o (symbol from plugin)
Endpoint_Read_Control_EStream_LE                  .build/obj_keyball_keyball39_via/lib/lufa/LUFA/Drivers/USB/Core/AVR8/EndpointStream_AVR8.o (symbol from plugin)
Endpoint_Read_Control_Stream_BE                   .build/obj_keyball_keyball39_via/lib/lufa/LUFA/Drivers/USB/Core/AVR8/EndpointStream_AVR8.o (symbol from plugin)
Endpoint_Read_Control_Stream_LE                   .build/obj_keyball_keyball39_via/lib/lufa/LUFA/Drivers/USB/Core/AVR8/EndpointStream_AVR8.o (symbol from plugin)
Endpoint_Read_EStream_BE                          .build/obj_keyball_keyball39_via/lib/lufa/LUFA/Drivers/USB/Core/AVR8/EndpointStream_AVR8.o (symbol from plugin)
Endpoint_Read_EStream_LE                          .build/obj_keyball_keyball39_via/lib/lufa/LUFA/Drivers/USB/Core/AVR8/EndpointStream_AVR8.o (symbol from plugin)
Endpoint_Read_Stream_BE                           .build/obj_keyball_keyball39_via/lib/lufa/LUFA/Drivers/USB/Core/AVR8/EndpointStream_AVR8.o (symbol from plugin)
Endpoint_Read_Stream_LE                           .build/obj_keyball_keyball39_via/lib/lufa/LUFA/Drivers/USB/Core/AVR8/EndpointStream_AVR8.o (symbol from plugin)
                                                  .build/obj_keyball_keyball39_via/lufa.o (symbol from plugin)
Endpoint_WaitUntilReady                           /tmp/ccrHgbVy.ltrans2.ltrans.o
                                                  .build/obj_keyball_keyball39_via/lib/lufa/LUFA/Drivers/USB/Core/AVR8/Endpoint_AVR8.o (symbol from plugin)
                                                  /tmp/ccrHgbVy.ltrans0.ltrans.o
                                                  .build/obj_keyball_keyball39_via/lib/lufa/LUFA/Drivers/USB/Core/AVR8/EndpointStream_AVR8.o (symbol from plugin)
Endpoint_Write_Control_EStream_BE                 .build/obj_keyball_keyball39_via/lib/lufa/LUFA/Drivers/USB/Core/AVR8/EndpointStream_AVR8.o (symbol from plugin)
Endpoint_Write_Control_EStream_LE                 .build/obj_keyball_keyball39_via/lib/lufa/LUFA/Drivers/USB/Core/AVR8/EndpointStream_AVR8.o (symbol from plugin)
Endpoint_Write_Control_PStream_BE                 .build/obj_keyball_keyball39_via/lib/lufa/LUFA/Drivers/USB/Core/AVR8/EndpointStream_AVR8.o (symbol from plugin)
Endpoint_Write_Control_PStream_LE                 .build/obj_keyball_keyball39_via/lib/lufa/LUFA/Drivers/USB/Core/AVR8/EndpointStream_AVR8.o (symbol from plugin)
                                                  .build/obj_keyball_keyball39_via/lib/lufa/LUFA/Drivers/USB/Core/DeviceStandardReq.o (symbol from plugin)
Endpoint_Write_Control_Stream_BE                  .build/obj_keyball_keyball39_via/lib/lufa/LUFA/Drivers/USB/Core/AVR8/EndpointStream_AVR8.o (symbol from plugin)
Endpoint_Write_Control_Stream_LE                  /tmp/ccrHgbVy.ltrans5.ltrans.o
                                                  .build/obj_keyball_keyball39_via/lib/lufa/LUFA/Drivers/USB/Core/AVR8/EndpointStream_AVR8.o (symbol from plugin)
                                                  /tmp/ccrHgbVy.ltrans2.ltrans.o
                                                  .build/obj_keyball_keyball39_via/lib/lufa/LUFA/Drivers/USB/Core/DeviceStandardReq.o (symbol from plugin)
                                                  .build/obj_keyball_keyball39_via/lufa.o (symbol from plugin)
Endpoint_Write_EStream_BE                         .build/obj_keyball_keyball39_via/lib/lufa/LUFA/Drivers/USB/Core/AVR8/EndpointStream_AVR8.o (symbol from plugin)
Endpoint_Write_EStream_LE                         .build/obj_keyball_keyball39_via/lib/lufa/LUFA/Drivers/USB/Core/AVR8/EndpointStream_AVR8.o (symbol from plugin)
Endpoint_Write_PStream_BE                         .build/obj_keyball_keyball39_via/lib/lufa/LUFA/Drivers/USB/Core/AVR8/EndpointStream_AVR8.o (symbol from plugin)
Endpoint_Write_PStream_LE                         .build/obj_keyball_keyball39_via/lib/lufa/LUFA/Drivers/USB/Core/AVR8/EndpointStream_AVR8.o (symbol from plugin)
Endpoint_Write_Stream_BE                          .build/obj_keyball_keyball39_via/lib/lufa/LUFA/Drivers/USB/Core/AVR8/EndpointStream_AVR8.o (symbol from plugin)
Endpoint_Write_Stream_LE                          .build/obj_keyball_keyball39_via/lib/lufa/LUFA/Drivers/USB/Core/AVR8/EndpointStream_AVR8.o (symbol from plugin)
                                                  .build/obj_keyball_keyball39_via/lufa.o (symbol from plugin)
Endpoint_Write_Stream_LE.constprop.15             /tmp/ccrHgbVy.ltrans2.ltrans.o
                                                  /tmp/ccrHgbVy.ltrans5.ltrans.o
                                                  /tmp/ccrHgbVy.ltrans0.ltrans.o
KeyboardReport                                    .build/obj_keyball_keyball39_via/usb_descriptor.o (symbol from plugin)
LanguageString                                    .build/obj_keyball_keyball39_via/usb_descriptor.o (symbol from plugin)
ManufacturerString                                .build/obj_keyball_keyball39_via/usb_descriptor.o (symbol from plugin)
ProductString                                     .build/obj_keyball_keyball39_via/usb_descriptor.o (symbol from plugin)
RGBLED_BREATHING_INTERVALS                        .build/obj_keyball_keyball39_via/quantum/rgblight/rgblight.o (symbol from plugin)
RGBLED_GRADIENT_RANGES                            .build/obj_keyball_keyball39_via/quantum/rgblight/rgblight.o (symbol from plugin)
RGBLED_KNIGHT_INTERVALS                           .build/obj_keyball_keyball39_via/quantum/rgblight/rgblight.o (symbol from plugin)
RGBLED_RAINBOW_MOOD_INTERVALS                     .build/obj_keyball_keyball39_via/quantum/rgblight/rgblight.o (symbol from plugin)
RGBLED_RAINBOW_SWIRL_INTERVALS                    .build/obj_keyball_keyball39_via/quantum/rgblight/rgblight.o (symbol from plugin)
RawReport                                         .build/obj_keyball_keyball39_via/usb_descriptor.o (symbol from plugin)
SCROLL_DIV_MAX                                    .build/obj_keyball_keyball39_via/lib/keyball/keyball.o (symbol from plugin)
SharedReport                                      .build/obj_keyball_keyball39_via/usb_descriptor.o (symbol from plugin)
USB_ControlRequest                                /tmp/ccrHgbVy.ltrans2.ltrans.o
                                                  .build/obj_keyball_keyball39_via/lib/lufa/LUFA/Drivers/USB/Core/USBTask.o (symbol from plugin)
                                                  /tmp/ccrHgbVy.ltrans5.ltrans.o
                                                  .build/obj_keyball_keyball39_via/lib/lufa/LUFA/Drivers/USB/Core/DeviceStandardReq.o (symbol from plugin)
                                                  .build/obj_keyball_keyball39_via/lib/lufa/LUFA/Drivers/USB/Core/AVR8/Endpoint_AVR8.o (symbol from plugin)
                                                  .build/obj_keyball_keyball39_via/lib/lufa/LUFA/Drivers/USB/Core/AVR8/EndpointStream_AVR8.o (symbol from plugin)
                                                  .build/obj_keyball_keyball39_via/lufa.o (symbol from plugin)
USB_DeviceState                                   /tmp/ccrHgbVy.ltrans2.ltrans.o
                                                  .build/obj_keyball_keyball39_via/lib/lufa/LUFA/Drivers/USB/Core/USBTask.o (symbol from plugin)
                                                  /tmp/ccrHgbVy.ltrans5.ltrans.o
                                                  /tmp/ccrHgbVy.ltrans3.ltrans.o
                                                  /tmp/ccrHgbVy.ltrans0.ltrans.o
                                                  .build/obj_keyball_keyball39_via/protocol/lufa/usb_util.o (symbol from plugin)
                                                  .build/obj_keyball_keyball39_via/lib/lufa/LUFA/Drivers/USB/Core/DeviceStandardReq.o (symbol from plugin)
                                                  .build/obj_keyball_keyball39_via/lib/lufa/LUFA/Drivers/USB/Core/AVR8/USBInterrupt_AVR8.o (symbol from plugin)
                                                  .build/obj_keyball_keyball39_via/lib/lufa/LUFA/Drivers/USB/Core/AVR8/USBController_AVR8.o (symbol from plugin)
                                                  .build/obj_keyball_keyball39_via/lib/lufa/LUFA/Drivers/USB/Core/AVR8/Endpoint_AVR8.o (symbol from plugin)
                                                  .build/obj_keyball_keyball39_via/lib/lufa/LUFA/Drivers/USB/Core/AVR8/EndpointStream_AVR8.o (symbol from plugin)
                                                  .build/obj_keyball_keyball39_via/lufa.o (symbol from plugin)
                                                  .build/obj_keyball_keyball39_via/platforms/avr/suspend.o (symbol from plugin)
USB_Device_ConfigurationNumber                    .build/obj_keyball_keyball39_via/lib/lufa/LUFA/Drivers/USB/Core/DeviceStandardReq.o (symbol from plugin)
                                                  .build/obj_keyball_keyball39_via/lib/lufa/LUFA/Drivers/USB/Core/AVR8/USBInterrupt_AVR8.o (symbol from plugin)
                                                  .build/obj_keyball_keyball39_via/lib/lufa/LUFA/Drivers/USB/Core/AVR8/USBController_AVR8.o (symbol from plugin)
                                                  .build/obj_keyball_keyball39_via/lufa.o (symbol from plugin)
USB_Device_CurrentlySelfPowered                   .build/obj_keyball_keyball39_via/lib/lufa/LUFA/Drivers/USB/Core/DeviceStandardReq.o (symbol from plugin)
                                                  .build/obj_keyball_keyball39_via/lib/lufa/LUFA/Drivers/USB/Core/AVR8/USBController_AVR8.o (symbol from plugin)
USB_Device_ProcessControlRequest                  /tmp/ccrHgbVy.ltrans2.ltrans.o
                                                  .build/obj_keyball_keyball39_via/lib/lufa/LUFA/Drivers/USB/Core/DeviceStandardReq.o (symbol from plugin)
                                                  /tmp/ccrHgbVy.ltrans0.ltrans.o
                                                  .build/obj_keyball_keyball39_via/lib/lufa/LUFA/Drivers/USB/Core/USBTask.o (symbol from plugin)
                                                  .build/obj_keyball_keyball39_via/lib/lufa/LUFA/Drivers/USB/Core/AVR8/USBInterrupt_AVR8.o (symbol from plugin)
USB_Device_RemoteWakeupEnabled                    /tmp/ccrHgbVy.ltrans2.ltrans.o
                                                  .build/obj_keyball_keyball39_via/lib/lufa/LUFA/Drivers/USB/Core/DeviceStandardReq.o (symbol from plugin)
                                                  /tmp/ccrHgbVy.ltrans0.ltrans.o
                                                  .build/obj_keyball_keyball39_via/lib/lufa/LUFA/Drivers/USB/Core/AVR8/USBController_AVR8.o (symbol from plugin)
                                                  .build/obj_keyball_keyball39_via/lufa.o (symbol from plugin)
USB_Device_SendRemoteWakeup                       .build/obj_keyball_keyball39_via/lib/lufa/LUFA/Drivers/USB/Core/AVR8/Device_AVR8.o (symbol from plugin)
                                                  .build/obj_keyball_keyball39_via/lufa.o (symbol from plugin)
USB_Disable                                       /tmp/ccrHgbVy.ltrans2.ltrans.o
                                                  .build/obj_keyball_keyball39_via/lib/lufa/LUFA/Drivers/USB/Core/AVR8/USBController_AVR8.o (symbol from plugin)
                                                  /tmp/ccrHgbVy.ltrans3.ltrans.o
                                                  /tmp/ccrHgbVy.ltrans0.ltrans.o
                                                  .build/obj_keyball_keyball39_via/protocol/lufa/usb_util.o (symbol from plugin)
                                                  .build/obj_keyball_keyball39_via/lufa.o (symbol from plugin)
USB_Event_Stub                                    .build/obj_keyball_keyball39_via/lib/lufa/LUFA/Drivers/USB/Core/Events.o (symbol from plugin)
USB_Event_Stub_2                                  .build/obj_keyball_keyball39_via/lib/lufa/LUFA/Drivers/USB/Core/Events.o (symbol from plugin)
USB_Event_Stub_3                                  .build/obj_keyball_keyball39_via/lib/lufa/LUFA/Drivers/USB/Core/Events.o (symbol from plugin)
USB_GetHIDReportItemInfo                          .build/obj_keyball_keyball39_via/lib/lufa/LUFA/Drivers/USB/Class/Common/HIDParser.o (symbol from plugin)
USB_GetHIDReportSize                              .build/obj_keyball_keyball39_via/lib/lufa/LUFA/Drivers/USB/Class/Common/HIDParser.o (symbol from plugin)
USB_GetNextDescriptorComp                         .build/obj_keyball_keyball39_via/lib/lufa/LUFA/Drivers/USB/Core/ConfigDescriptors.o (symbol from plugin)
USB_GetNextDescriptorOfType                       .build/obj_keyball_keyball39_via/lib/lufa/LUFA/Drivers/USB/Core/ConfigDescriptors.o (symbol from plugin)
USB_GetNextDescriptorOfTypeAfter                  .build/obj_keyball_keyball39_via/lib/lufa/LUFA/Drivers/USB/Core/ConfigDescriptors.o (symbol from plugin)
USB_GetNextDescriptorOfTypeBefore                 .build/obj_keyball_keyball39_via/lib/lufa/LUFA/Drivers/USB/Core/ConfigDescriptors.o (symbol from plugin)
USB_INT_ClearAllInterrupts                        .build/obj_keyball_keyball39_via/lib/lufa/LUFA/Drivers/USB/Core/AVR8/USBInterrupt_AVR8.o (symbol from plugin)
                                                  .build/obj_keyball_keyball39_via/lib/lufa/LUFA/Drivers/USB/Core/AVR8/USBController_AVR8.o (symbol from plugin)
USB_INT_DisableAllInterrupts                      .build/obj_keyball_keyball39_via/lib/lufa/LUFA/Drivers/USB/Core/AVR8/USBInterrupt_AVR8.o (symbol from plugin)
                                                  .build/obj_keyball_keyball39_via/lib/lufa/LUFA/Drivers/USB/Core/AVR8/USBController_AVR8.o (symbol from plugin)
USB_Init                                          /tmp/ccrHgbVy.ltrans2.ltrans.o
                                                  .build/obj_keyball_keyball39_via/lib/lufa/LUFA/Drivers/USB/Core/AVR8/USBController_AVR8.o (symbol from plugin)
                                                  /tmp/ccrHgbVy.ltrans0.ltrans.o
                                                  .build/obj_keyball_keyball39_via/lufa.o (symbol from plugin)
USB_IsInitialized                                 .build/obj_keyball_keyball39_via/lib/lufa/LUFA/Drivers/USB/Core/USBTask.o (symbol from plugin)